Archive member included because of file (symbol)

c:/program files (x86)/atollic/truestudio for arm 5.4.0/armtools/bin/../lib/gcc/arm-atollic-eabi/4.8.3/../../../../arm-atollic-eabi/lib/armv7-m\libc.a(lib_a-init.o)
                              Application\TrueSTUDIO\startup_stm32f103xb.o (__libc_init_array)
c:/program files (x86)/atollic/truestudio for arm 5.4.0/armtools/bin/../lib/gcc/arm-atollic-eabi/4.8.3/armv7-m\libgcc.a(_arm_addsubdf3.o)
                              Application\User\main.o (__aeabi_i2d)
c:/program files (x86)/atollic/truestudio for arm 5.4.0/armtools/bin/../lib/gcc/arm-atollic-eabi/4.8.3/armv7-m\libgcc.a(_arm_muldivdf3.o)
                              Application\User\main.o (__aeabi_dmul)
c:/program files (x86)/atollic/truestudio for arm 5.4.0/armtools/bin/../lib/gcc/arm-atollic-eabi/4.8.3/armv7-m\libgcc.a(_arm_fixdfsi.o)
                              Application\User\main.o (__aeabi_d2iz)

Allocating common symbols
Common symbol       size              file

adcConvertCounter   0x2               Application\User\main.o
argumentRecv        0x1               Application\User\main.o
pFlash              0x20              Drivers\STM32F1xx_HAL_Driver\stm32f1xx_hal_flash.o
htim3               0x3c              Application\User\main.o
comRecv             0x1               Application\User\main.o
hadc1               0x30              Application\User\main.o
huart2              0x40              Application\User\main.o

Discarded input sections

 .text          0x00000000        0x0 c:/program files (x86)/atollic/truestudio for arm 5.4.0/armtools/bin/../lib/gcc/arm-atollic-eabi/4.8.3/armv7-m/crti.o
 .data          0x00000000        0x0 c:/program files (x86)/atollic/truestudio for arm 5.4.0/armtools/bin/../lib/gcc/arm-atollic-eabi/4.8.3/armv7-m/crti.o
 .bss           0x00000000        0x0 c:/program files (x86)/atollic/truestudio for arm 5.4.0/armtools/bin/../lib/gcc/arm-atollic-eabi/4.8.3/armv7-m/crti.o
 .data          0x00000000        0x4 c:/program files (x86)/atollic/truestudio for arm 5.4.0/armtools/bin/../lib/gcc/arm-atollic-eabi/4.8.3/armv7-m/crtbegin.o
 .text          0x00000000        0x0 Drivers\STM32F1xx_HAL_Driver\stm32f1xx_hal_uart.o
 .data          0x00000000        0x0 Drivers\STM32F1xx_HAL_Driver\stm32f1xx_hal_uart.o
 .bss           0x00000000        0x0 Drivers\STM32F1xx_HAL_Driver\stm32f1xx_hal_uart.o
 .text.HAL_HalfDuplex_Init
                0x00000000       0x9c Drivers\STM32F1xx_HAL_Driver\stm32f1xx_hal_uart.o
 .text.HAL_LIN_Init
                0x00000000       0xb0 Drivers\STM32F1xx_HAL_Driver\stm32f1xx_hal_uart.o
 .text.HAL_MultiProcessor_Init
                0x00000000       0xb8 Drivers\STM32F1xx_HAL_Driver\stm32f1xx_hal_uart.o
 .text.HAL_UART_DeInit
                0x00000000       0x68 Drivers\STM32F1xx_HAL_Driver\stm32f1xx_hal_uart.o
 .text.HAL_UART_MspInit
                0x00000000       0x14 Drivers\STM32F1xx_HAL_Driver\stm32f1xx_hal_uart.o
 .text.HAL_UART_MspDeInit
                0x00000000       0x14 Drivers\STM32F1xx_HAL_Driver\stm32f1xx_hal_uart.o
 .text.HAL_UART_Transmit
                0x00000000      0x150 Drivers\STM32F1xx_HAL_Driver\stm32f1xx_hal_uart.o
 .text.HAL_UART_Receive
                0x00000000      0x170 Drivers\STM32F1xx_HAL_Driver\stm32f1xx_hal_uart.o
 .text.HAL_UART_Transmit_DMA
                0x00000000       0xf4 Drivers\STM32F1xx_HAL_Driver\stm32f1xx_hal_uart.o
 .text.HAL_UART_Receive_DMA
                0x00000000       0xe4 Drivers\STM32F1xx_HAL_Driver\stm32f1xx_hal_uart.o
 .text.HAL_UART_DMAPause
                0x00000000       0x9c Drivers\STM32F1xx_HAL_Driver\stm32f1xx_hal_uart.o
 .text.HAL_UART_DMAResume
                0x00000000       0xc0 Drivers\STM32F1xx_HAL_Driver\stm32f1xx_hal_uart.o
 .text.HAL_UART_DMAStop
                0x00000000       0x50 Drivers\STM32F1xx_HAL_Driver\stm32f1xx_hal_uart.o
 .text.HAL_UART_TxCpltCallback
                0x00000000       0x14 Drivers\STM32F1xx_HAL_Driver\stm32f1xx_hal_uart.o
 .text.HAL_UART_TxHalfCpltCallback
                0x00000000       0x14 Drivers\STM32F1xx_HAL_Driver\stm32f1xx_hal_uart.o
 .text.HAL_UART_RxCpltCallback
                0x00000000       0x14 Drivers\STM32F1xx_HAL_Driver\stm32f1xx_hal_uart.o
 .text.HAL_UART_RxHalfCpltCallback
                0x00000000       0x14 Drivers\STM32F1xx_HAL_Driver\stm32f1xx_hal_uart.o
 .text.HAL_LIN_SendBreak
                0x00000000       0x54 Drivers\STM32F1xx_HAL_Driver\stm32f1xx_hal_uart.o
 .text.HAL_MultiProcessor_EnterMuteMode
                0x00000000       0x54 Drivers\STM32F1xx_HAL_Driver\stm32f1xx_hal_uart.o
 .text.HAL_MultiProcessor_ExitMuteMode
                0x00000000       0x54 Drivers\STM32F1xx_HAL_Driver\stm32f1xx_hal_uart.o
 .text.HAL_HalfDuplex_EnableTransmitter
                0x00000000       0x58 Drivers\STM32F1xx_HAL_Driver\stm32f1xx_hal_uart.o
 .text.HAL_HalfDuplex_EnableReceiver
[...]
Memory Configuration

Name             Origin             Length             Attributes
FLASH            0x08000000         0x00010000         xr
RAM              0x20000000         0x00005000         xrw
*default*        0x00000000         0xffffffff

Linker script and memory map

LOAD c:/program files (x86)/atollic/truestudio for arm 5.4.0/armtools/bin/../lib/gcc/arm-atollic-eabi/4.8.3/armv7-m/crti.o
LOAD c:/program files (x86)/atollic/truestudio for arm 5.4.0/armtools/bin/../lib/gcc/arm-atollic-eabi/4.8.3/armv7-m/crtbegin.o
LOAD Drivers\STM32F1xx_HAL_Driver\stm32f1xx_hal_uart.o
LOAD Drivers\STM32F1xx_HAL_Driver\stm32f1xx_hal_tim_ex.o
LOAD Drivers\STM32F1xx_HAL_Driver\stm32f1xx_hal_tim.o
LOAD Drivers\STM32F1xx_HAL_Driver\stm32f1xx_hal_rcc_ex.o
LOAD Drivers\STM32F1xx_HAL_Driver\stm32f1xx_hal_rcc.o
LOAD Drivers\STM32F1xx_HAL_Driver\stm32f1xx_hal_pwr.o
LOAD Drivers\STM32F1xx_HAL_Driver\stm32f1xx_hal_gpio_ex.o
LOAD Drivers\STM32F1xx_HAL_Driver\stm32f1xx_hal_gpio.o
LOAD Drivers\STM32F1xx_HAL_Driver\stm32f1xx_hal_flash_ex.o
LOAD Drivers\STM32F1xx_HAL_Driver\stm32f1xx_hal_flash.o
LOAD Drivers\STM32F1xx_HAL_Driver\stm32f1xx_hal_dma.o
LOAD Drivers\STM32F1xx_HAL_Driver\stm32f1xx_hal_cortex.o
LOAD Drivers\STM32F1xx_HAL_Driver\stm32f1xx_hal_adc_ex.o
LOAD Drivers\STM32F1xx_HAL_Driver\stm32f1xx_hal_adc.o
LOAD Drivers\STM32F1xx_HAL_Driver\stm32f1xx_hal.o
LOAD Drivers\CMSIS\system_stm32f1xx.o
LOAD Application\User\stm32f1xx_it.o
LOAD Application\User\stm32f1xx_hal_msp.o
LOAD Application\User\main.o
LOAD Application\TrueSTUDIO\startup_stm32f103xb.o
START GROUP
LOAD c:/program files (x86)/atollic/truestudio for arm 5.4.0/armtools/bin/../lib/gcc/arm-atollic-eabi/4.8.3/../../../../arm-atollic-eabi/lib/armv7-m\libc.a
LOAD c:/program files (x86)/atollic/truestudio for arm 5.4.0/armtools/bin/../lib/gcc/arm-atollic-eabi/4.8.3/../../../../arm-atollic-eabi/lib/armv7-m\libm.a
END GROUP
                0x00001000                malloc_getpagesize_P = 0x1000
START GROUP
LOAD c:/program files (x86)/atollic/truestudio for arm 5.4.0/armtools/bin/../lib/gcc/arm-atollic-eabi/4.8.3/armv7-m\libgcc.a
LOAD c:/program files (x86)/atollic/truestudio for arm 5.4.0/armtools/bin/../lib/gcc/arm-atollic-eabi/4.8.3/../../../../arm-atollic-eabi/lib/armv7-m\libc.a
END GROUP
LOAD c:/program files (x86)/atollic/truestudio for arm 5.4.0/armtools/bin/../lib/gcc/arm-atollic-eabi/4.8.3/armv7-m/crtend.o
LOAD c:/program files (x86)/atollic/truestudio for arm 5.4.0/armtools/bin/../lib/gcc/arm-atollic-eabi/4.8.3/armv7-m/crtn.o
                0x20005000                _estack = 0x20005000
                0x00000000                _Min_Heap_Size = 0x0
                0x00000400                _Min_Stack_Size = 0x400

.isr_vector     0x08000000      0x10c
                0x08000000                . = ALIGN (0x4)
 *(.isr_vector)
 .isr_vector    0x08000000      0x10c Application\TrueSTUDIO\startup_stm32f103xb.o
                0x08000000                g_pfnVectors
                0x0800010c                . = ALIGN (0x4)

.text           0x08000110     0x5198
                0x08000110                . = ALIGN (0x4)
 *(.text)
 .text          0x08000110       0x40 c:/program files (x86)/atollic/truestudio for arm 5.4.0/armtools/bin/../lib/gcc/arm-atollic-eabi/4.8.3/armv7-m/crtbegin.o
 .text          0x08000150      0x370 c:/program files (x86)/atollic/truestudio for arm 5.4.0/armtools/bin/../lib/gcc/arm-atollic-eabi/4.8.3/armv7-m\libgcc.a(_arm_addsubdf3.o)
                0x08000150                __aeabi_drsub
                0x08000158                __aeabi_dsub
                0x08000158                __subdf3
                0x0800015c                __aeabi_dadd
                0x0800015c                __adddf3
                0x080003d4                __floatunsidf
                0x080003d4                __aeabi_ui2d
                0x080003f4                __floatsidf
                0x080003f4                __aeabi_i2d
                0x08000418                __aeabi_f2d
                0x08000418                __extendsfdf2
                0x08000454                __floatundidf
                0x08000454                __aeabi_ul2d
                0x08000464                __floatdidf
                0x08000464                __aeabi_l2d
 .text          0x080004c0      0x424 c:/program files (x86)/atollic/truestudio for arm 5.4.0/armtools/bin/../lib/gcc/arm-atollic-eabi/4.8.3/armv7-m\libgcc.a(_arm_muldivdf3.o)
                0x080004c0                __aeabi_dmul
                0x080004c0                __muldf3
                0x08000714                __divdf3
                0x08000714                __aeabi_ddiv
 .text          0x080008e4       0x50 c:/program files (x86)/atollic/truestudio for arm 5.4.0/armtools/bin/../lib/gcc/arm-atollic-eabi/4.8.3/armv7-m\libgcc.a(_arm_fixdfsi.o)
                0x080008e4                __aeabi_d2iz
                0x080008e4                __fixdfsi
 *(.text*)
 .text.HAL_UART_Init
                0x08000934       0x94 Drivers\STM32F1xx_HAL_Driver\stm32f1xx_hal_uart.o
                0x08000934                HAL_UART_Init
 .text.HAL_UART_Transmit_IT
                0x080009c8       0xc0 Drivers\STM32F1xx_HAL_Driver\stm32f1xx_hal_uart.o
                0x080009c8                HAL_UART_Transmit_IT
 .text.HAL_UART_Receive_IT
                0x08000a88       0xd0 Drivers\STM32F1xx_HAL_Driver\stm32f1xx_hal_uart.o
                0x08000a88                HAL_UART_Receive_IT
 .text.HAL_UART_IRQHandler
                0x08000b58      0x1e0 Drivers\STM32F1xx_HAL_Driver\stm32f1xx_hal_uart.o
                0x08000b58                HAL_UART_IRQHandler
 .text.HAL_UART_ErrorCallback
                0x08000d38       0x14 Drivers\STM32F1xx_HAL_Driver\stm32f1xx_hal_uart.o
                0x08000d38                HAL_UART_ErrorCallback
 .text.UART_Transmit_IT
                0x08000d4c       0xb8 Drivers\STM32F1xx_HAL_Driver\stm32f1xx_hal_uart.o
 .text.UART_EndTransmit_IT
                0x08000e04       0x58 Drivers\STM32F1xx_HAL_Driver\stm32f1xx_hal_uart.o
 .text.UART_Receive_IT
                0x08000e5c      0x128 Drivers\STM32F1xx_HAL_Driver\stm32f1xx_hal_uart.o
 .text.UART_SetConfig
                0x08000f84      0x180 Drivers\STM32F1xx_HAL_Driver\stm32f1xx_hal_uart.o
 .text.HAL_TIMEx_MasterConfigSynchronization
                0x08001104       0x8c Drivers\STM32F1xx_HAL_Driver\stm32f1xx_hal_tim_ex.o
                0x08001104                HAL_TIMEx_MasterConfigSynchronization
 .text.HAL_TIMEx_CommutationCallback
                0x08001190       0x14 Drivers\STM32F1xx_HAL_Driver\stm32f1xx_hal_tim_ex.o
                0x08001190                HAL_TIMEx_CommutationCallback
 .text.HAL_TIMEx_BreakCallback
                0x080011a4       0x14 Drivers\STM32F1xx_HAL_Driver\stm32f1xx_hal_tim_ex.o
                0x080011a4                HAL_TIMEx_BreakCallback
 .text.HAL_TIM_Base_Init
                0x080011b8       0x58 Drivers\STM32F1xx_HAL_Driver\stm32f1xx_hal_tim.o
                0x080011b8                HAL_TIM_Base_Init
 .text.HAL_TIM_Base_Start_IT
                0x08001210       0x38 Drivers\STM32F1xx_HAL_Driver\stm32f1xx_hal_tim.o
                0x08001210                HAL_TIM_Base_Start_IT
 .text.HAL_TIM_Base_Stop_IT
                0x08001248       0x58 Drivers\STM32F1xx_HAL_Driver\stm32f1xx_hal_tim.o
                0x08001248                HAL_TIM_Base_Stop_IT
 .text.HAL_TIM_IRQHandler
                0x080012a0      0x210 Drivers\STM32F1xx_HAL_Driver\stm32f1xx_hal_tim.o
                0x080012a0                HAL_TIM_IRQHandler
 .text.HAL_TIM_ConfigClockSource
                0x080014b0      0x1c4 Drivers\STM32F1xx_HAL_Driver\stm32f1xx_hal_tim.o
                0x080014b0                HAL_TIM_ConfigClockSource
 .text.HAL_TIM_PeriodElapsedCallback
                0x08001674       0x14 Drivers\STM32F1xx_HAL_Driver\stm32f1xx_hal_tim.o
                0x08001674                HAL_TIM_PeriodElapsedCallback
 .text.HAL_TIM_OC_DelayElapsedCallback
                0x08001688       0x14 Drivers\STM32F1xx_HAL_Driver\stm32f1xx_hal_tim.o
                0x08001688                HAL_TIM_OC_DelayElapsedCallback
 .text.HAL_TIM_IC_CaptureCallback
                0x0800169c       0x14 Drivers\STM32F1xx_HAL_Driver\stm32f1xx_hal_tim.o
                0x0800169c                HAL_TIM_IC_CaptureCallback
 .text.HAL_TIM_PWM_PulseFinishedCallback
                0x080016b0       0x14 Drivers\STM32F1xx_HAL_Driver\stm32f1xx_hal_tim.o
                0x080016b0                HAL_TIM_PWM_PulseFinishedCallback
 .text.HAL_TIM_TriggerCallback
                0x080016c4       0x14 Drivers\STM32F1xx_HAL_Driver\stm32f1xx_hal_tim.o
                0x080016c4                HAL_TIM_TriggerCallback
 .text.TIM_Base_SetConfig
                0x080016d8       0xbc Drivers\STM32F1xx_HAL_Driver\stm32f1xx_hal_tim.o
                0x080016d8                TIM_Base_SetConfig
 .text.TIM_TI1_ConfigInputStage
                0x08001794       0x64 Drivers\STM32F1xx_HAL_Driver\stm32f1xx_hal_tim.o
 .text.TIM_TI2_ConfigInputStage
                0x080017f8       0x68 Drivers\STM32F1xx_HAL_Driver\stm32f1xx_hal_tim.o
 .text.TIM_ITRx_SetConfig
                0x08001860       0x3c Drivers\STM32F1xx_HAL_Driver\stm32f1xx_hal_tim.o
 .text.TIM_ETR_SetConfig
                0x0800189c       0x44 Drivers\STM32F1xx_HAL_Driver\stm32f1xx_hal_tim.o
 .text.HAL_RCC_ClockConfig
                0x080018e0      0x768 Drivers\STM32F1xx_HAL_Driver\stm32f1xx_hal_rcc_ex.o
                0x080018e0                HAL_RCC_ClockConfig
 .text.HAL_RCCEx_PeriphCLKConfig
                0x08002048      0x204 Drivers\STM32F1xx_HAL_Driver\stm32f1xx_hal_rcc_ex.o
                0x08002048                HAL_RCCEx_PeriphCLKConfig
 .text.HAL_RCC_OscConfig
                0x0800224c     0x172c Drivers\STM32F1xx_HAL_Driver\stm32f1xx_hal_rcc.o
                0x0800224c                HAL_RCC_OscConfig
 .text.HAL_RCC_GetSysClockFreq
                0x08003978      0x108 Drivers\STM32F1xx_HAL_Driver\stm32f1xx_hal_rcc.o
                0x08003978                HAL_RCC_GetSysClockFreq
 .text.HAL_RCC_GetHCLKFreq
                0x08003a80       0x58 Drivers\STM32F1xx_HAL_Driver\stm32f1xx_hal_rcc.o
                0x08003a80                HAL_RCC_GetHCLKFreq
 .text.HAL_RCC_GetPCLK1Freq
                0x08003ad8       0x50 Drivers\STM32F1xx_HAL_Driver\stm32f1xx_hal_rcc.o
                0x08003ad8                HAL_RCC_GetPCLK1Freq
 .text.HAL_RCC_GetPCLK2Freq
                0x08003b28       0x50 Drivers\STM32F1xx_HAL_Driver\stm32f1xx_hal_rcc.o
                0x08003b28                HAL_RCC_GetPCLK2Freq
 .text.HAL_GPIO_Init
                0x08003b78      0x2bc Drivers\STM32F1xx_HAL_Driver\stm32f1xx_hal_gpio.o
                0x08003b78                HAL_GPIO_Init
 .text.HAL_GPIO_ReadPin
                0x08003e34       0x30 Drivers\STM32F1xx_HAL_Driver\stm32f1xx_hal_gpio.o
                0x08003e34                HAL_GPIO_ReadPin
 .text.HAL_GPIO_WritePin
                0x08003e64       0x30 Drivers\STM32F1xx_HAL_Driver\stm32f1xx_hal_gpio.o
                0x08003e64                HAL_GPIO_WritePin
 .text.HAL_GPIO_TogglePin
                0x08003e94       0x24 Drivers\STM32F1xx_HAL_Driver\stm32f1xx_hal_gpio.o
                0x08003e94                HAL_GPIO_TogglePin
 .text.NVIC_SetPriorityGrouping
                0x08003eb8       0x48 Drivers\STM32F1xx_HAL_Driver\stm32f1xx_hal_cortex.o
 .text.NVIC_GetPriorityGrouping
                0x08003f00       0x1c Drivers\STM32F1xx_HAL_Driver\stm32f1xx_hal_cortex.o
 .text.NVIC_EnableIRQ
                0x08003f1c       0x30 Drivers\STM32F1xx_HAL_Driver\stm32f1xx_hal_cortex.o
 .text.NVIC_SetPriority
                0x08003f4c       0x54 Drivers\STM32F1xx_HAL_Driver\stm32f1xx_hal_cortex.o
 .text.NVIC_EncodePriority
                0x08003fa0       0x68 Drivers\STM32F1xx_HAL_Driver\stm32f1xx_hal_cortex.o
 .text.SysTick_Config
                0x08004008       0x44 Drivers\STM32F1xx_HAL_Driver\stm32f1xx_hal_cortex.o
 .text.HAL_NVIC_SetPriorityGrouping
                0x0800404c       0x14 Drivers\STM32F1xx_HAL_Driver\stm32f1xx_hal_cortex.o
                0x0800404c                HAL_NVIC_SetPriorityGrouping
 .text.HAL_NVIC_SetPriority
                0x08004060       0x38 Drivers\STM32F1xx_HAL_Driver\stm32f1xx_hal_cortex.o
                0x08004060                HAL_NVIC_SetPriority
 .text.HAL_NVIC_EnableIRQ
                0x08004098       0x1c Drivers\STM32F1xx_HAL_Driver\stm32f1xx_hal_cortex.o
                0x08004098                HAL_NVIC_EnableIRQ
 .text.HAL_SYSTICK_Config
                0x080040b4       0x18 Drivers\STM32F1xx_HAL_Driver\stm32f1xx_hal_cortex.o
                0x080040b4                HAL_SYSTICK_Config
 .text.HAL_SYSTICK_CLKSourceConfig
                0x080040cc       0x38 Drivers\STM32F1xx_HAL_Driver\stm32f1xx_hal_cortex.o
                0x080040cc                HAL_SYSTICK_CLKSourceConfig
 .text.HAL_SYSTICK_IRQHandler
                0x08004104        0xc Drivers\STM32F1xx_HAL_Driver\stm32f1xx_hal_cortex.o
                0x08004104                HAL_SYSTICK_IRQHandler
 .text.HAL_SYSTICK_Callback
                0x08004110        0xc Drivers\STM32F1xx_HAL_Driver\stm32f1xx_hal_cortex.o
                0x08004110                HAL_SYSTICK_Callback
 .text.HAL_ADCEx_InjectedConvCpltCallback
                0x0800411c       0x14 Drivers\STM32F1xx_HAL_Driver\stm32f1xx_hal_adc_ex.o
                0x0800411c                HAL_ADCEx_InjectedConvCpltCallback
 .text.HAL_ADC_Init
                0x08004130      0x1c0 Drivers\STM32F1xx_HAL_Driver\stm32f1xx_hal_adc.o
                0x08004130                HAL_ADC_Init
 .text.HAL_ADC_Start_IT
                0x080042f0       0xe4 Drivers\STM32F1xx_HAL_Driver\stm32f1xx_hal_adc.o
                0x080042f0                HAL_ADC_Start_IT
 .text.HAL_ADC_Stop_IT
                0x080043d4       0x5c Drivers\STM32F1xx_HAL_Driver\stm32f1xx_hal_adc.o
                0x080043d4                HAL_ADC_Stop_IT
 .text.HAL_ADC_GetValue
                0x08004430       0x1c Drivers\STM32F1xx_HAL_Driver\stm32f1xx_hal_adc.o
                0x08004430                HAL_ADC_GetValue
 .text.HAL_ADC_IRQHandler
                0x0800444c      0x188 Drivers\STM32F1xx_HAL_Driver\stm32f1xx_hal_adc.o
                0x0800444c                HAL_ADC_IRQHandler
 .text.HAL_ADC_LevelOutOfWindowCallback
                0x080045d4       0x14 Drivers\STM32F1xx_HAL_Driver\stm32f1xx_hal_adc.o
                0x080045d4                HAL_ADC_LevelOutOfWindowCallback
 .text.ADC_Enable
                0x080045e8       0xa0 Drivers\STM32F1xx_HAL_Driver\stm32f1xx_hal_adc.o
                0x080045e8                ADC_Enable
 .text.ADC_ConversionStop_Disable
                0x08004688       0x70 Drivers\STM32F1xx_HAL_Driver\stm32f1xx_hal_adc.o
                0x08004688                ADC_ConversionStop_Disable
 .text.HAL_Init
                0x080046f8       0x2c Drivers\STM32F1xx_HAL_Driver\stm32f1xx_hal.o
                0x080046f8                HAL_Init
 .text.HAL_InitTick
                0x08004724       0x38 Drivers\STM32F1xx_HAL_Driver\stm32f1xx_hal.o
                0x08004724                HAL_InitTick
 .text.HAL_IncTick
                0x0800475c       0x1c Drivers\STM32F1xx_HAL_Driver\stm32f1xx_hal.o
                0x0800475c                HAL_IncTick
 .text.HAL_GetTick
                0x08004778       0x18 Drivers\STM32F1xx_HAL_Driver\stm32f1xx_hal.o
                0x08004778                HAL_GetTick
 .text.HAL_Delay
                0x08004790       0x2c Drivers\STM32F1xx_HAL_Driver\stm32f1xx_hal.o
                0x08004790                HAL_Delay
 .text.SystemInit
                0x080047bc       0x68 Drivers\CMSIS\system_stm32f1xx.o
                0x080047bc                SystemInit
 .text.SysTick_Handler
                0x08004824       0x10 Application\User\stm32f1xx_it.o
                0x08004824                SysTick_Handler
 .text.ADC1_2_IRQHandler
                0x08004834       0x10 Application\User\stm32f1xx_it.o
                0x08004834                ADC1_2_IRQHandler
 .text.TIM3_IRQHandler
                0x08004844       0x60 Application\User\stm32f1xx_it.o
                0x08004844                TIM3_IRQHandler
 .text.USART2_IRQHandler
                0x080048a4       0x10 Application\User\stm32f1xx_it.o
                0x080048a4                USART2_IRQHandler
 .text.HAL_MspInit
                0x080048b4       0x50 Application\User\stm32f1xx_hal_msp.o
                0x080048b4                HAL_MspInit
 .text.HAL_ADC_MspInit
                0x08004904       0x60 Application\User\stm32f1xx_hal_msp.o
                0x08004904                HAL_ADC_MspInit
 .text.HAL_TIM_Base_MspInit
                0x08004964       0x48 Application\User\stm32f1xx_hal_msp.o
                0x08004964                HAL_TIM_Base_MspInit
 .text.HAL_UART_MspInit
                0x080049ac       0x7c Application\User\stm32f1xx_hal_msp.o
                0x080049ac                HAL_UART_MspInit
 .text.main     0x08004a28       0x40 Application\User\main.o
                0x08004a28                main
 .text.SystemClock_Config
                0x08004a68       0x84 Application\User\main.o
                0x08004a68                SystemClock_Config
 .text.MX_ADC1_Init
                0x08004aec       0x40 Application\User\main.o
 .text.MX_TIM3_Init
                0x08004b2c       0x60 Application\User\main.o
 .text.MX_USART2_UART_Init
                0x08004b8c       0x48 Application\User\main.o
 .text.MX_GPIO_Init
                0x08004bd4       0xcc Application\User\main.o
 .text.HAL_UART_RxCpltCallback
                0x08004ca0      0x124 Application\User\main.o
                0x08004ca0                HAL_UART_RxCpltCallback
 .text.HAL_UART_TxCpltCallback
                0x08004dc4       0x30 Application\User\main.o
                0x08004dc4                HAL_UART_TxCpltCallback
 .text.HAL_ADC_ConvCpltCallback
                0x08004df4       0x84 Application\User\main.o
                0x08004df4                HAL_ADC_ConvCpltCallback
 .text.start3200ConversADC
                0x08004e78       0x4c Application\User\main.o
                0x08004e78                start3200ConversADC
 .text.compOn   0x08004ec4       0x10 Application\User\main.o
                0x08004ec4                compOn
 .text.compOff  0x08004ed4       0x10 Application\User\main.o
                0x08004ed4                compOff
 .text.boomer2kVOn
                0x08004ee4       0x10 Application\User\main.o
                0x08004ee4                boomer2kVOn
 .text.boomer2kVOffBoomOn
                0x08004ef4       0x10 Application\User\main.o
                0x08004ef4                boomer2kVOffBoomOn
 .text.boomer2kVOffBoomOff
                0x08004f04       0x10 Application\User\main.o
                0x08004f04                boomer2kVOffBoomOff
 .text.resetQuartzCounter
                0x08004f14       0x10 Application\User\main.o
                0x08004f14                resetQuartzCounter
 .text.setRangeOfMeasure
                0x08004f24       0x18 Application\User\main.o
                0x08004f24                setRangeOfMeasure
 .text.setFilterFreq1kHz
                0x08004f3c       0x10 Application\User\main.o
                0x08004f3c                setFilterFreq1kHz
 .text.setFilterFreq2kHz
                0x08004f4c       0x10 Application\User\main.o
                0x08004f4c                setFilterFreq2kHz
 .text.startADCConversion
                0x08004f5c       0x30 Application\User\main.o
                0x08004f5c                startADCConversion
 .text.setPortRD
                0x08004f8c       0x8c Application\User\main.o
                0x08004f8c                setPortRD
 .text.setPortRC
                0x08005018       0x24 Application\User\main.o
                0x08005018                setPortRC
 .text.setNresetPortRC
                0x0800503c       0x34 Application\User\main.o
                0x0800503c                setNresetPortRC
 .text.delayMicroseconds
                0x08005070       0x50 Application\User\main.o
                0x08005070                delayMicroseconds
 .text.getADCResult
                0x080050c0      0x130 Application\User\main.o
                0x080050c0                getADCResult
 .text.Reset_Handler
                0x080051f0       0x50 Application\TrueSTUDIO\startup_stm32f103xb.o
                0x080051f0                Reset_Handler
 .text.Default_Handler
                0x08005240        0x4 Application\TrueSTUDIO\startup_stm32f103xb.o
                0x08005240                RTC_Alarm_IRQHandler
                0x08005240                EXTI2_IRQHandler
                0x08005240                DebugMon_Handler
                0x08005240                TIM1_CC_IRQHandler
                0x08005240                HardFault_Handler
                0x08005240                PVD_IRQHandler
                0x08005240                PendSV_Handler
                0x08005240                NMI_Handler
                0x08005240                EXTI3_IRQHandler
                0x08005240                EXTI0_IRQHandler
                0x08005240                I2C2_EV_IRQHandler
                0x08005240                UsageFault_Handler
                0x08005240                SPI1_IRQHandler
                0x08005240                TAMPER_IRQHandler
                0x08005240                DMA1_Channel4_IRQHandler
                0x08005240                USART3_IRQHandler
                0x08005240                RTC_IRQHandler
                0x08005240                DMA1_Channel7_IRQHandler
                0x08005240                CAN1_RX1_IRQHandler
                0x08005240                TIM4_IRQHandler
                0x08005240                I2C1_EV_IRQHandler
                0x08005240                DMA1_Channel6_IRQHandler
                0x08005240                RCC_IRQHandler
                0x08005240                TIM1_TRG_COM_IRQHandler
                0x08005240                DMA1_Channel1_IRQHandler
                0x08005240                Default_Handler
                0x08005240                EXTI15_10_IRQHandler
                0x08005240                EXTI9_5_IRQHandler
                0x08005240                SPI2_IRQHandler
                0x08005240                MemManage_Handler
                0x08005240                SVC_Handler
                0x08005240                DMA1_Channel5_IRQHandler
                0x08005240                EXTI4_IRQHandler
                0x08005240                USB_LP_CAN1_RX0_IRQHandler
                0x08005240                USB_HP_CAN1_TX_IRQHandler
                0x08005240                DMA1_Channel3_IRQHandler
                0x08005240                TIM1_UP_IRQHandler
                0x08005240                WWDG_IRQHandler
                0x08005240                TIM2_IRQHandler
                0x08005240                TIM1_BRK_IRQHandler
                0x08005240                EXTI1_IRQHandler
                0x08005240                I2C2_ER_IRQHandler
                0x08005240                DMA1_Channel2_IRQHandler
                0x08005240                CAN1_SCE_IRQHandler
                0x08005240                FLASH_IRQHandler
                0x08005240                BusFault_Handler
                0x08005240                USART1_IRQHandler
                0x08005240                I2C1_ER_IRQHandler
                0x08005240                USBWakeUp_IRQHandler
 .text.__libc_init_array
                0x08005244       0x4c c:/program files (x86)/atollic/truestudio for arm 5.4.0/armtools/bin/../lib/gcc/arm-atollic-eabi/4.8.3/../../../../arm-atollic-eabi/lib/armv7-m\libc.a(lib_a-init.o)
                0x08005244                __libc_init_array
 *(.glue_7)
 .glue_7        0x00000000        0x0 linker stubs
 *(.glue_7t)
 .glue_7t       0x00000000        0x0 linker stubs
 *(.eh_frame)
 .eh_frame      0x08005290        0x0 c:/program files (x86)/atollic/truestudio for arm 5.4.0/armtools/bin/../lib/gcc/arm-atollic-eabi/4.8.3/armv7-m/crtbegin.o
 *(.init)
 .init          0x08005290        0x4 c:/program files (x86)/atollic/truestudio for arm 5.4.0/armtools/bin/../lib/gcc/arm-atollic-eabi/4.8.3/armv7-m/crti.o
                0x08005290                _init
 .init          0x08005294        0x8 c:/program files (x86)/atollic/truestudio for arm 5.4.0/armtools/bin/../lib/gcc/arm-atollic-eabi/4.8.3/armv7-m/crtn.o
 *(.fini)
 .fini          0x0800529c        0x4 c:/program files (x86)/atollic/truestudio for arm 5.4.0/armtools/bin/../lib/gcc/arm-atollic-eabi/4.8.3/armv7-m/crti.o
                0x0800529c                _fini
 .fini          0x080052a0        0x8 c:/program files (x86)/atollic/truestudio for arm 5.4.0/armtools/bin/../lib/gcc/arm-atollic-eabi/4.8.3/armv7-m/crtn.o
                0x080052a8                . = ALIGN (0x4)
                0x080052a8                _etext = .

.vfp11_veneer   0x080052a8        0x0
 .vfp11_veneer  0x00000000        0x0 linker stubs

.v4_bx          0x080052a8        0x0
 .v4_bx         0x00000000        0x0 linker stubs

.iplt           0x080052a8        0x0
 .iplt          0x00000000        0x0 c:/program files (x86)/atollic/truestudio for arm 5.4.0/armtools/bin/../lib/gcc/arm-atollic-eabi/4.8.3/armv7-m/crtbegin.o

.rodata         0x080052a8       0x24
                0x080052a8                . = ALIGN (0x4)
 *(.rodata)
 .rodata        0x080052a8       0x14 Drivers\STM32F1xx_HAL_Driver\stm32f1xx_hal_rcc.o
 *(.rodata*)
 .rodata.aAPBAHBPrescTable
                0x080052bc       0x10 Drivers\STM32F1xx_HAL_Driver\stm32f1xx_hal_rcc.o
                0x080052bc                aAPBAHBPrescTable
                0x080052cc                . = ALIGN (0x4)

.rel.dyn        0x080052cc        0x0
 .rel.iplt      0x00000000        0x0 c:/program files (x86)/atollic/truestudio for arm 5.4.0/armtools/bin/../lib/gcc/arm-atollic-eabi/4.8.3/armv7-m/crtbegin.o

.ARM.extab
 *(.ARM.extab* .gnu.linkonce.armextab.*)

.ARM            0x080052cc        0x0
                0x080052cc                __exidx_start = .
 *(.ARM.exidx*)
                0x080052cc                __exidx_end = .

.preinit_array  0x080052cc        0x0
                0x080052cc                PROVIDE (__preinit_array_start, .)
 *(.preinit_array*)
                0x080052cc                PROVIDE (__preinit_array_end, .)

.init_array     0x080052cc        0x4
                0x080052cc                PROVIDE (__init_array_start, .)
 *(SORT(.init_array.*))
 *(.init_array*)
 .init_array    0x080052cc        0x4 c:/program files (x86)/atollic/truestudio for arm 5.4.0/armtools/bin/../lib/gcc/arm-atollic-eabi/4.8.3/armv7-m/crtbegin.o
                0x080052d0                PROVIDE (__init_array_end, .)

.fini_array     0x080052d0        0x4
                0x080052d0                PROVIDE (__fini_array_start, .)
 *(SORT(.fini_array.*))
 *(.fini_array*)
 .fini_array    0x080052d0        0x4 c:/program files (x86)/atollic/truestudio for arm 5.4.0/armtools/bin/../lib/gcc/arm-atollic-eabi/4.8.3/armv7-m/crtbegin.o
                0x080052d4                PROVIDE (__fini_array_end, .)
                0x080052d4                _sidata = LOADADDR (.data)

.data           0x20000000        0x8 load address 0x080052d4
                0x20000000                . = ALIGN (0x4)
                0x20000000                _sdata = .
 *(.data)
 *(.data*)
 .data.SystemCoreClock
                0x20000000        0x4 Drivers\CMSIS\system_stm32f1xx.o
                0x20000000                SystemCoreClock
 .data.SerialNum
                0x20000004        0x2 Application\User\main.o
                0x20000004                SerialNum
                0x20000008                . = ALIGN (0x4)
 *fill*         0x20000006        0x2 
                0x20000008                _edata = .

.igot.plt       0x20000008        0x0 load address 0x080052dc
 .igot.plt      0x00000000        0x0 c:/program files (x86)/atollic/truestudio for arm 5.4.0/armtools/bin/../lib/gcc/arm-atollic-eabi/4.8.3/armv7-m/crtbegin.o
                0x20000008                . = ALIGN (0x4)

.bss            0x20000008     0x19dc load address 0x080052dc
                0x20000008                _sbss = .
                0x20000008                __bss_start__ = _sbss
 *(.bss)
 .bss           0x20000008       0x1c c:/program files (x86)/atollic/truestudio for arm 5.4.0/armtools/bin/../lib/gcc/arm-atollic-eabi/4.8.3/armv7-m/crtbegin.o
 *(.bss*)
 .bss.uwTick    0x20000024        0x4 Drivers\STM32F1xx_HAL_Driver\stm32f1xx_hal.o
 .bss.battery   0x20000028        0x4 Application\User\main.o
                0x20000028                battery
 .bss.resultADC
                0x2000002c     0x1900 Application\User\main.o
                0x2000002c                resultADC
 .bss.batCounter
                0x2000192c        0x2 Application\User\main.o
                0x2000192c                batCounter
 *(COMMON)
 *fill*         0x2000192e        0x2 
 COMMON         0x20001930       0xb4 Application\User\main.o
                0x20001930                adcConvertCounter
                0x20001932                argumentRecv
                0x20001934                htim3
                0x20001970                comRecv
                0x20001974                hadc1
                0x200019a4                huart2
                0x200019e4                . = ALIGN (0x4)
                0x200019e4                _ebss = .
                0x200019e4                __bss_end__ = _ebss

._user_heap_stack
                0x200019e4      0x400 load address 0x080052dc
                0x200019e4                . = ALIGN (0x4)
                0x200019e4                PROVIDE (end, .)
                0x200019e4                PROVIDE (_end, .)
                0x200019e4                . = (. + _Min_Heap_Size)
                0x20001de4                . = (. + _Min_Stack_Size)
 *fill*         0x200019e4      0x400 
                0x20001de4                . = ALIGN (0x4)

/DISCARD/
 libc.a(*)
 libm.a(*)
 libgcc.a(*)

.ARM.attributes
                0x00000000       0x29
 *(.ARM.attributes)
 .ARM.attributes
                0x00000000       0x1d c:/program files (x86)/atollic/truestudio for arm 5.4.0/armtools/bin/../lib/gcc/arm-atollic-eabi/4.8.3/armv7-m/crti.o
 .ARM.attributes
                0x0000001d       0x2d c:/program files (x86)/atollic/truestudio for arm 5.4.0/armtools/bin/../lib/gcc/arm-atollic-eabi/4.8.3/armv7-m/crtbegin.o
 .ARM.attributes
                0x0000004a       0x33 Drivers\STM32F1xx_HAL_Driver\stm32f1xx_hal_uart.o
 .ARM.attributes
                0x0000007d       0x33 Drivers\STM32F1xx_HAL_Driver\stm32f1xx_hal_tim_ex.o
 .ARM.attributes
                0x000000b0       0x33 Drivers\STM32F1xx_HAL_Driver\stm32f1xx_hal_tim.o
 .ARM.attributes
                0x000000e3       0x33 Drivers\STM32F1xx_HAL_Driver\stm32f1xx_hal_rcc_ex.o
 .ARM.attributes
                0x00000116       0x33 Drivers\STM32F1xx_HAL_Driver\stm32f1xx_hal_rcc.o
 .ARM.attributes
                0x00000149       0x33 Drivers\STM32F1xx_HAL_Driver\stm32f1xx_hal_gpio.o
 .ARM.attributes
                0x0000017c       0x33 Drivers\STM32F1xx_HAL_Driver\stm32f1xx_hal_cortex.o
 .ARM.attributes
                0x000001af       0x33 Drivers\STM32F1xx_HAL_Driver\stm32f1xx_hal_adc_ex.o
 .ARM.attributes
                0x000001e2       0x33 Drivers\STM32F1xx_HAL_Driver\stm32f1xx_hal_adc.o
 .ARM.attributes
                0x00000215       0x33 Drivers\STM32F1xx_HAL_Driver\stm32f1xx_hal.o
 .ARM.attributes
                0x00000248       0x33 Drivers\CMSIS\system_stm32f1xx.o
 .ARM.attributes
                0x0000027b       0x33 Application\User\stm32f1xx_it.o
 .ARM.attributes
                0x000002ae       0x33 Application\User\stm32f1xx_hal_msp.o
 .ARM.attributes
                0x000002e1       0x33 Application\User\main.o
 .ARM.attributes
                0x00000314       0x21 Application\TrueSTUDIO\startup_stm32f103xb.o
 .ARM.attributes
                0x00000335       0x2d c:/program files (x86)/atollic/truestudio for arm 5.4.0/armtools/bin/../lib/gcc/arm-atollic-eabi/4.8.3/../../../../arm-atollic-eabi/lib/armv7-m\libc.a(lib_a-init.o)
 .ARM.attributes
                0x00000362       0x1d c:/program files (x86)/atollic/truestudio for arm 5.4.0/armtools/bin/../lib/gcc/arm-atollic-eabi/4.8.3/armv7-m\libgcc.a(_arm_addsubdf3.o)
 .ARM.attributes
                0x0000037f       0x1d c:/program files (x86)/atollic/truestudio for arm 5.4.0/armtools/bin/../lib/gcc/arm-atollic-eabi/4.8.3/armv7-m\libgcc.a(_arm_muldivdf3.o)
 .ARM.attributes
                0x0000039c       0x1d c:/program files (x86)/atollic/truestudio for arm 5.4.0/armtools/bin/../lib/gcc/arm-atollic-eabi/4.8.3/armv7-m\libgcc.a(_arm_fixdfsi.o)
 .ARM.attributes
                0x000003b9       0x1d c:/program files (x86)/atollic/truestudio for arm 5.4.0/armtools/bin/../lib/gcc/arm-atollic-eabi/4.8.3/armv7-m/crtn.o
OUTPUT(BoomerLPT_v1.0 Configuration.elf elf32-littlearm)

.debug_info     0x00000000     0xd310
 .debug_info    0x00000000      0xe25 Drivers\STM32F1xx_HAL_Driver\stm32f1xx_hal_uart.o
 .debug_info    0x00000e25      0xe7d Drivers\STM32F1xx_HAL_Driver\stm32f1xx_hal_tim_ex.o
 .debug_info    0x00001ca2     0x20e0 Drivers\STM32F1xx_HAL_Driver\stm32f1xx_hal_tim.o
 .debug_info    0x00003d82      0xf12 Drivers\STM32F1xx_HAL_Driver\stm32f1xx_hal_rcc_ex.o
 .debug_info    0x00004c94     0x2545 Drivers\STM32F1xx_HAL_Driver\stm32f1xx_hal_rcc.o
 .debug_info    0x000071d9      0x5db Drivers\STM32F1xx_HAL_Driver\stm32f1xx_hal_gpio.o
 .debug_info    0x000077b4      0xa74 Drivers\STM32F1xx_HAL_Driver\stm32f1xx_hal_cortex.o
 .debug_info    0x00008228      0xd32 Drivers\STM32F1xx_HAL_Driver\stm32f1xx_hal_adc_ex.o
 .debug_info    0x00008f5a     0x1111 Drivers\STM32F1xx_HAL_Driver\stm32f1xx_hal_adc.o
 .debug_info    0x0000a06b      0x636 Drivers\STM32F1xx_HAL_Driver\stm32f1xx_hal.o
 .debug_info    0x0000a6a1      0x397 Drivers\CMSIS\system_stm32f1xx.o
 .debug_info    0x0000aa38      0xa14 Application\User\stm32f1xx_it.o
 .debug_info    0x0000b44c      0xd86 Application\User\stm32f1xx_hal_msp.o
 .debug_info    0x0000c1d2     0x1064 Application\User\main.o
 .debug_info    0x0000d236       0xda Application\TrueSTUDIO\startup_stm32f103xb.o

.debug_abbrev   0x00000000     0x1a8d
 .debug_abbrev  0x00000000      0x215 Drivers\STM32F1xx_HAL_Driver\stm32f1xx_hal_uart.o
 .debug_abbrev  0x00000215      0x1fb Drivers\STM32F1xx_HAL_Driver\stm32f1xx_hal_tim_ex.o
 .debug_abbrev  0x00000410      0x204 Drivers\STM32F1xx_HAL_Driver\stm32f1xx_hal_tim.o
 .debug_abbrev  0x00000614      0x1ab Drivers\STM32F1xx_HAL_Driver\stm32f1xx_hal_rcc_ex.o
 .debug_abbrev  0x000007bf      0x2b6 Drivers\STM32F1xx_HAL_Driver\stm32f1xx_hal_rcc.o
 .debug_abbrev  0x00000a75      0x1aa Drivers\STM32F1xx_HAL_Driver\stm32f1xx_hal_gpio.o
 .debug_abbrev  0x00000c1f      0x265 Drivers\STM32F1xx_HAL_Driver\stm32f1xx_hal_cortex.o
 .debug_abbrev  0x00000e84      0x223 Drivers\STM32F1xx_HAL_Driver\stm32f1xx_hal_adc_ex.o
 .debug_abbrev  0x000010a7      0x203 Drivers\STM32F1xx_HAL_Driver\stm32f1xx_hal_adc.o
 .debug_abbrev  0x000012aa      0x1fe Drivers\STM32F1xx_HAL_Driver\stm32f1xx_hal.o
 .debug_abbrev  0x000014a8      0x120 Drivers\CMSIS\system_stm32f1xx.o
 .debug_abbrev  0x000015c8      0x148 Application\User\stm32f1xx_it.o
 .debug_abbrev  0x00001710      0x157 Application\User\stm32f1xx_hal_msp.o
 .debug_abbrev  0x00001867      0x214 Application\User\main.o
 .debug_abbrev  0x00001a7b       0x12 Application\TrueSTUDIO\startup_stm32f103xb.o

.debug_aranges  0x00000000      0xbe8
 .debug_aranges
                0x00000000      0x150 Drivers\STM32F1xx_HAL_Driver\stm32f1xx_hal_uart.o
 .debug_aranges
                0x00000150      0x138 Drivers\STM32F1xx_HAL_Driver\stm32f1xx_hal_tim_ex.o
 .debug_aranges
                0x00000288      0x368 Drivers\STM32F1xx_HAL_Driver\stm32f1xx_hal_tim.o
 .debug_aranges
                0x000005f0       0x40 Drivers\STM32F1xx_HAL_Driver\stm32f1xx_hal_rcc_ex.o
 .debug_aranges
                0x00000630       0x88 Drivers\STM32F1xx_HAL_Driver\stm32f1xx_hal_rcc.o
 .debug_aranges
                0x000006b8       0x58 Drivers\STM32F1xx_HAL_Driver\stm32f1xx_hal_gpio.o
 .debug_aranges
                0x00000710      0x100 Drivers\STM32F1xx_HAL_Driver\stm32f1xx_hal_cortex.o
 .debug_aranges
                0x00000810       0x80 Drivers\STM32F1xx_HAL_Driver\stm32f1xx_hal_adc_ex.o
 .debug_aranges
                0x00000890       0xf0 Drivers\STM32F1xx_HAL_Driver\stm32f1xx_hal_adc.o
 .debug_aranges
                0x00000980       0xb0 Drivers\STM32F1xx_HAL_Driver\stm32f1xx_hal.o
 .debug_aranges
                0x00000a30       0x28 Drivers\CMSIS\system_stm32f1xx.o
 .debug_aranges
                0x00000a58       0x38 Application\User\stm32f1xx_it.o
 .debug_aranges
                0x00000a90       0x50 Application\User\stm32f1xx_hal_msp.o
 .debug_aranges
                0x00000ae0       0xe0 Application\User\main.o
 .debug_aranges
                0x00000bc0       0x28 Application\TrueSTUDIO\startup_stm32f103xb.o

.debug_ranges   0x00000000      0xb00
 .debug_ranges  0x00000000      0x140 Drivers\STM32F1xx_HAL_Driver\stm32f1xx_hal_uart.o
 .debug_ranges  0x00000140      0x128 Drivers\STM32F1xx_HAL_Driver\stm32f1xx_hal_tim_ex.o
 .debug_ranges  0x00000268      0x358 Drivers\STM32F1xx_HAL_Driver\stm32f1xx_hal_tim.o
 .debug_ranges  0x000005c0       0x30 Drivers\STM32F1xx_HAL_Driver\stm32f1xx_hal_rcc_ex.o
 .debug_ranges  0x000005f0       0x78 Drivers\STM32F1xx_HAL_Driver\stm32f1xx_hal_rcc.o
 .debug_ranges  0x00000668       0x48 Drivers\STM32F1xx_HAL_Driver\stm32f1xx_hal_gpio.o
 .debug_ranges  0x000006b0       0xf0 Drivers\STM32F1xx_HAL_Driver\stm32f1xx_hal_cortex.o
 .debug_ranges  0x000007a0       0x70 Drivers\STM32F1xx_HAL_Driver\stm32f1xx_hal_adc_ex.o
 .debug_ranges  0x00000810       0xe0 Drivers\STM32F1xx_HAL_Driver\stm32f1xx_hal_adc.o
 .debug_ranges  0x000008f0       0xa0 Drivers\STM32F1xx_HAL_Driver\stm32f1xx_hal.o
 .debug_ranges  0x00000990       0x18 Drivers\CMSIS\system_stm32f1xx.o
 .debug_ranges  0x000009a8       0x28 Application\User\stm32f1xx_it.o
 .debug_ranges  0x000009d0       0x40 Application\User\stm32f1xx_hal_msp.o
 .debug_ranges  0x00000a10       0xd0 Application\User\main.o
 .debug_ranges  0x00000ae0       0x20 Application\TrueSTUDIO\startup_stm32f103xb.o

.debug_line     0x00000000     0x60ba
 .debug_line    0x00000000      0x898 Drivers\STM32F1xx_HAL_Driver\stm32f1xx_hal_uart.o
 .debug_line    0x00000898      0x766 Drivers\STM32F1xx_HAL_Driver\stm32f1xx_hal_tim_ex.o
 .debug_line    0x00000ffe     0x10e3 Drivers\STM32F1xx_HAL_Driver\stm32f1xx_hal_tim.o
 .debug_line    0x000020e1      0x6f2 Drivers\STM32F1xx_HAL_Driver\stm32f1xx_hal_rcc_ex.o
 .debug_line    0x000027d3     0x11a4 Drivers\STM32F1xx_HAL_Driver\stm32f1xx_hal_rcc.o
 .debug_line    0x00003977      0x3c3 Drivers\STM32F1xx_HAL_Driver\stm32f1xx_hal_gpio.o
 .debug_line    0x00003d3a      0x484 Drivers\STM32F1xx_HAL_Driver\stm32f1xx_hal_cortex.o
 .debug_line    0x000041be      0x67d Drivers\STM32F1xx_HAL_Driver\stm32f1xx_hal_adc_ex.o
 .debug_line    0x0000483b      0x7e8 Drivers\STM32F1xx_HAL_Driver\stm32f1xx_hal_adc.o
 .debug_line    0x00005023      0x376 Drivers\STM32F1xx_HAL_Driver\stm32f1xx_hal.o
 .debug_line    0x00005399      0x212 Drivers\CMSIS\system_stm32f1xx.o
 .debug_line    0x000055ab      0x278 Application\User\stm32f1xx_it.o
 .debug_line    0x00005823      0x2e0 Application\User\stm32f1xx_hal_msp.o
 .debug_line    0x00005b03      0x505 Application\User\main.o
 .debug_line    0x00006008       0xb2 Application\TrueSTUDIO\startup_stm32f103xb.o

.debug_str      0x00000000     0x3609
 .debug_str     0x00000000      0x8a3 Drivers\STM32F1xx_HAL_Driver\stm32f1xx_hal_uart.o
                                0x967 (size before relaxing)
 .debug_str     0x000008a3      0x794 Drivers\STM32F1xx_HAL_Driver\stm32f1xx_hal_tim_ex.o
                                0xb8f (size before relaxing)
 .debug_str     0x00001037      0xc5c Drivers\STM32F1xx_HAL_Driver\stm32f1xx_hal_tim.o
                               0x12fa (size before relaxing)
 .debug_str     0x00001c93      0x293 Drivers\STM32F1xx_HAL_Driver\stm32f1xx_hal_rcc_ex.o
                                0x4bf (size before relaxing)
 .debug_str     0x00001f26      0x25d Drivers\STM32F1xx_HAL_Driver\stm32f1xx_hal_rcc.o
                                0x5e4 (size before relaxing)
 .debug_str     0x00002183      0x1a1 Drivers\STM32F1xx_HAL_Driver\stm32f1xx_hal_gpio.o
                                0x444 (size before relaxing)
 .debug_str     0x00002324      0x5ff Drivers\STM32F1xx_HAL_Driver\stm32f1xx_hal_cortex.o
                                0x8d4 (size before relaxing)
 .debug_str     0x00002923      0x559 Drivers\STM32F1xx_HAL_Driver\stm32f1xx_hal_adc_ex.o
                                0x9a3 (size before relaxing)
 .debug_str     0x00002e7c      0x2d3 Drivers\STM32F1xx_HAL_Driver\stm32f1xx_hal_adc.o
                                0x9f3 (size before relaxing)
 .debug_str     0x0000314f      0x1c5 Drivers\STM32F1xx_HAL_Driver\stm32f1xx_hal.o
                                0x73b (size before relaxing)
 .debug_str     0x00003314       0x82 Drivers\CMSIS\system_stm32f1xx.o
                                0x30c (size before relaxing)
 .debug_str     0x00003396       0x8f Application\User\stm32f1xx_it.o
                                0x9fe (size before relaxing)
 .debug_str     0x00003425       0x3b Application\User\stm32f1xx_hal_msp.o
                                0xd89 (size before relaxing)
 .debug_str     0x00003460      0x1a9 Application\User\main.o
                                0xe59 (size before relaxing)

.comment        0x00000000       0x82
 .comment       0x00000000       0x82 Drivers\STM32F1xx_HAL_Driver\stm32f1xx_hal_uart.o
                                 0x83 (size before relaxing)
 .comment       0x00000000       0x83 Drivers\STM32F1xx_HAL_Driver\stm32f1xx_hal_tim_ex.o
 .comment       0x00000000       0x83 Drivers\STM32F1xx_HAL_Driver\stm32f1xx_hal_tim.o
 .comment       0x00000000       0x83 Drivers\STM32F1xx_HAL_Driver\stm32f1xx_hal_rcc_ex.o
 .comment       0x00000000       0x83 Drivers\STM32F1xx_HAL_Driver\stm32f1xx_hal_rcc.o
 .comment       0x00000000       0x83 Drivers\STM32F1xx_HAL_Driver\stm32f1xx_hal_gpio.o
 .comment       0x00000000       0x83 Drivers\STM32F1xx_HAL_Driver\stm32f1xx_hal_cortex.o
 .comment       0x00000000       0x83 Drivers\STM32F1xx_HAL_Driver\stm32f1xx_hal_adc_ex.o
 .comment       0x00000000       0x83 Drivers\STM32F1xx_HAL_Driver\stm32f1xx_hal_adc.o
 .comment       0x00000000       0x83 Drivers\STM32F1xx_HAL_Driver\stm32f1xx_hal.o
 .comment       0x00000000       0x83 Drivers\CMSIS\system_stm32f1xx.o
 .comment       0x00000000       0x83 Application\User\stm32f1xx_it.o
 .comment       0x00000000       0x83 Application\User\stm32f1xx_hal_msp.o
 .comment       0x00000000       0x83 Application\User\main.o

.debug_frame    0x00000000     0x2804
 .debug_frame   0x00000000      0x4a8 Drivers\STM32F1xx_HAL_Driver\stm32f1xx_hal_uart.o
 .debug_frame   0x000004a8      0x464 Drivers\STM32F1xx_HAL_Driver\stm32f1xx_hal_tim_ex.o
 .debug_frame   0x0000090c      0xc98 Drivers\STM32F1xx_HAL_Driver\stm32f1xx_hal_tim.o
 .debug_frame   0x000015a4       0xa8 Drivers\STM32F1xx_HAL_Driver\stm32f1xx_hal_rcc_ex.o
 .debug_frame   0x0000164c      0x1b0 Drivers\STM32F1xx_HAL_Driver\stm32f1xx_hal_rcc.o
 .debug_frame   0x000017fc       0xf4 Drivers\STM32F1xx_HAL_Driver\stm32f1xx_hal_gpio.o
 .debug_frame   0x000018f0      0x35c Drivers\STM32F1xx_HAL_Driver\stm32f1xx_hal_cortex.o
 .debug_frame   0x00001c4c      0x1a4 Drivers\STM32F1xx_HAL_Driver\stm32f1xx_hal_adc_ex.o
 .debug_frame   0x00001df0      0x348 Drivers\STM32F1xx_HAL_Driver\stm32f1xx_hal_adc.o
 .debug_frame   0x00002138      0x1f4 Drivers\STM32F1xx_HAL_Driver\stm32f1xx_hal.o
 .debug_frame   0x0000232c       0x44 Drivers\CMSIS\system_stm32f1xx.o
 .debug_frame   0x00002370       0x80 Application\User\stm32f1xx_it.o
 .debug_frame   0x000023f0       0xf0 Application\User\stm32f1xx_hal_msp.o
 .debug_frame   0x000024e0      0x2f8 Application\User\main.o
 .debug_frame   0x000027d8       0x2c c:/program files (x86)/atollic/truestudio for arm 5.4.0/armtools/bin/../lib/gcc/arm-atollic-eabi/4.8.3/../../../../arm-atollic-eabi/lib/armv7-m\libc.a(lib_a-init.o)

Cross Reference Table

Symbol                                            File
ADC1_2_IRQHandler                                 Application\User\stm32f1xx_it.o
ADC_ConversionStop_Disable                        Drivers\STM32F1xx_HAL_Driver\stm32f1xx_hal_adc.o
                                                  Drivers\STM32F1xx_HAL_Driver\stm32f1xx_hal_adc_ex.o
ADC_DMAConvCplt                                   Drivers\STM32F1xx_HAL_Driver\stm32f1xx_hal_adc.o
                                                  Drivers\STM32F1xx_HAL_Driver\stm32f1xx_hal_adc_ex.o
ADC_DMAError                                      Drivers\STM32F1xx_HAL_Driver\stm32f1xx_hal_adc.o
                                                  Drivers\STM32F1xx_HAL_Driver\stm32f1xx_hal_adc_ex.o
ADC_DMAHalfConvCplt                               Drivers\STM32F1xx_HAL_Driver\stm32f1xx_hal_adc.o
                                                  Drivers\STM32F1xx_HAL_Driver\stm32f1xx_hal_adc_ex.o
ADC_Enable                                        Drivers\STM32F1xx_HAL_Driver\stm32f1xx_hal_adc.o
                                                  Drivers\STM32F1xx_HAL_Driver\stm32f1xx_hal_adc_ex.o
AHBPrescTable                                     Drivers\CMSIS\system_stm32f1xx.o
BusFault_Handler                                  Application\TrueSTUDIO\startup_stm32f103xb.o
CAN1_RX1_IRQHandler                               Application\TrueSTUDIO\startup_stm32f103xb.o
CAN1_SCE_IRQHandler                               Application\TrueSTUDIO\startup_stm32f103xb.o
DMA1_Channel1_IRQHandler                          Application\TrueSTUDIO\startup_stm32f103xb.o
DMA1_Channel2_IRQHandler                          Application\TrueSTUDIO\startup_stm32f103xb.o
DMA1_Channel3_IRQHandler                          Application\TrueSTUDIO\startup_stm32f103xb.o
DMA1_Channel4_IRQHandler                          Application\TrueSTUDIO\startup_stm32f103xb.o
DMA1_Channel5_IRQHandler                          Application\TrueSTUDIO\startup_stm32f103xb.o
DMA1_Channel6_IRQHandler                          Application\TrueSTUDIO\startup_stm32f103xb.o
DMA1_Channel7_IRQHandler                          Application\TrueSTUDIO\startup_stm32f103xb.o
DebugMon_Handler                                  Application\TrueSTUDIO\startup_stm32f103xb.o
Default_Handler                                   Application\TrueSTUDIO\startup_stm32f103xb.o
EXTI0_IRQHandler                                  Application\TrueSTUDIO\startup_stm32f103xb.o
EXTI15_10_IRQHandler                              Application\TrueSTUDIO\startup_stm32f103xb.o
EXTI1_IRQHandler                                  Application\TrueSTUDIO\startup_stm32f103xb.o
EXTI2_IRQHandler                                  Application\TrueSTUDIO\startup_stm32f103xb.o
EXTI3_IRQHandler                                  Application\TrueSTUDIO\startup_stm32f103xb.o
EXTI4_IRQHandler                                  Application\TrueSTUDIO\startup_stm32f103xb.o
EXTI9_5_IRQHandler                                Application\TrueSTUDIO\startup_stm32f103xb.o
FLASH_IRQHandler                                  Application\TrueSTUDIO\startup_stm32f103xb.o
FLASH_PageErase                                   Drivers\STM32F1xx_HAL_Driver\stm32f1xx_hal_flash_ex.o
                                                  Drivers\STM32F1xx_HAL_Driver\stm32f1xx_hal_flash.o
FLASH_Program_HalfWord                            Drivers\STM32F1xx_HAL_Driver\stm32f1xx_hal_flash_ex.o
                                                  Drivers\STM32F1xx_HAL_Driver\stm32f1xx_hal_flash.o
FLASH_SetErrorCode                                Drivers\STM32F1xx_HAL_Driver\stm32f1xx_hal_flash_ex.o
                                                  Drivers\STM32F1xx_HAL_Driver\stm32f1xx_hal_flash.o
FLASH_WaitForLastOperation                        Drivers\STM32F1xx_HAL_Driver\stm32f1xx_hal_flash.o
                                                  Drivers\STM32F1xx_HAL_Driver\stm32f1xx_hal_flash_ex.o
HAL_ADCEx_Calibration_Start                       Drivers\STM32F1xx_HAL_Driver\stm32f1xx_hal_adc_ex.o
HAL_ADCEx_InjectedConfigChannel                   Drivers\STM32F1xx_HAL_Driver\stm32f1xx_hal_adc_ex.o
HAL_ADCEx_InjectedConvCpltCallback                Drivers\STM32F1xx_HAL_Driver\stm32f1xx_hal_adc_ex.o
                                                  Drivers\STM32F1xx_HAL_Driver\stm32f1xx_hal_adc.o
HAL_ADCEx_InjectedGetValue                        Drivers\STM32F1xx_HAL_Driver\stm32f1xx_hal_adc_ex.o
HAL_ADCEx_InjectedPollForConversion               Drivers\STM32F1xx_HAL_Driver\stm32f1xx_hal_adc_ex.o
HAL_ADCEx_InjectedStart                           Drivers\STM32F1xx_HAL_Driver\stm32f1xx_hal_adc_ex.o
HAL_ADCEx_InjectedStart_IT                        Drivers\STM32F1xx_HAL_Driver\stm32f1xx_hal_adc_ex.o
HAL_ADCEx_InjectedStop                            Drivers\STM32F1xx_HAL_Driver\stm32f1xx_hal_adc_ex.o
HAL_ADCEx_InjectedStop_IT                         Drivers\STM32F1xx_HAL_Driver\stm32f1xx_hal_adc_ex.o
HAL_ADCEx_MultiModeConfigChannel                  Drivers\STM32F1xx_HAL_Driver\stm32f1xx_hal_adc_ex.o
HAL_ADCEx_MultiModeGetValue                       Drivers\STM32F1xx_HAL_Driver\stm32f1xx_hal_adc_ex.o
HAL_ADCEx_MultiModeStart_DMA                      Drivers\STM32F1xx_HAL_Driver\stm32f1xx_hal_adc_ex.o
HAL_ADCEx_MultiModeStop_DMA                       Drivers\STM32F1xx_HAL_Driver\stm32f1xx_hal_adc_ex.o
HAL_ADC_AnalogWDGConfig                           Drivers\STM32F1xx_HAL_Driver\stm32f1xx_hal_adc.o
HAL_ADC_ConfigChannel                             Drivers\STM32F1xx_HAL_Driver\stm32f1xx_hal_adc.o
HAL_ADC_ConvCpltCallback                          Application\User\main.o
                                                  Drivers\STM32F1xx_HAL_Driver\stm32f1xx_hal_adc.o
HAL_ADC_ConvHalfCpltCallback                      Drivers\STM32F1xx_HAL_Driver\stm32f1xx_hal_adc.o
HAL_ADC_DeInit                                    Drivers\STM32F1xx_HAL_Driver\stm32f1xx_hal_adc.o
HAL_ADC_ErrorCallback                             Drivers\STM32F1xx_HAL_Driver\stm32f1xx_hal_adc.o
HAL_ADC_GetError                                  Drivers\STM32F1xx_HAL_Driver\stm32f1xx_hal_adc.o
HAL_ADC_GetState                                  Drivers\STM32F1xx_HAL_Driver\stm32f1xx_hal_adc.o
HAL_ADC_GetValue                                  Drivers\STM32F1xx_HAL_Driver\stm32f1xx_hal_adc.o
                                                  Application\User\main.o
HAL_ADC_IRQHandler                                Drivers\STM32F1xx_HAL_Driver\stm32f1xx_hal_adc.o
                                                  Application\User\stm32f1xx_it.o
HAL_ADC_Init                                      Drivers\STM32F1xx_HAL_Driver\stm32f1xx_hal_adc.o
                                                  Application\User\main.o
HAL_ADC_LevelOutOfWindowCallback                  Drivers\STM32F1xx_HAL_Driver\stm32f1xx_hal_adc.o
HAL_ADC_MspDeInit                                 Application\User\stm32f1xx_hal_msp.o
                                                  Drivers\STM32F1xx_HAL_Driver\stm32f1xx_hal_adc.o
HAL_ADC_MspInit                                   Application\User\stm32f1xx_hal_msp.o
                                                  Drivers\STM32F1xx_HAL_Driver\stm32f1xx_hal_adc.o
HAL_ADC_PollForConversion                         Drivers\STM32F1xx_HAL_Driver\stm32f1xx_hal_adc.o
HAL_ADC_PollForEvent                              Drivers\STM32F1xx_HAL_Driver\stm32f1xx_hal_adc.o
HAL_ADC_Start                                     Drivers\STM32F1xx_HAL_Driver\stm32f1xx_hal_adc.o
HAL_ADC_Start_DMA                                 Drivers\STM32F1xx_HAL_Driver\stm32f1xx_hal_adc.o
HAL_ADC_Start_IT                                  Drivers\STM32F1xx_HAL_Driver\stm32f1xx_hal_adc.o
                                                  Application\User\main.o
HAL_ADC_Stop                                      Drivers\STM32F1xx_HAL_Driver\stm32f1xx_hal_adc.o
HAL_ADC_Stop_DMA                                  Drivers\STM32F1xx_HAL_Driver\stm32f1xx_hal_adc.o
HAL_ADC_Stop_IT                                   Drivers\STM32F1xx_HAL_Driver\stm32f1xx_hal_adc.o
                                                  Application\User\main.o
HAL_DBGMCU_DisableDBGSleepMode                    Drivers\STM32F1xx_HAL_Driver\stm32f1xx_hal.o
HAL_DBGMCU_DisableDBGStandbyMode                  Drivers\STM32F1xx_HAL_Driver\stm32f1xx_hal.o
HAL_DBGMCU_DisableDBGStopMode                     Drivers\STM32F1xx_HAL_Driver\stm32f1xx_hal.o
HAL_DBGMCU_EnableDBGSleepMode                     Drivers\STM32F1xx_HAL_Driver\stm32f1xx_hal.o
HAL_DBGMCU_EnableDBGStandbyMode                   Drivers\STM32F1xx_HAL_Driver\stm32f1xx_hal.o
HAL_DBGMCU_EnableDBGStopMode                      Drivers\STM32F1xx_HAL_Driver\stm32f1xx_hal.o
HAL_DMA_Abort                                     Drivers\STM32F1xx_HAL_Driver\stm32f1xx_hal_dma.o
                                                  Drivers\STM32F1xx_HAL_Driver\stm32f1xx_hal_adc.o
                                                  Drivers\STM32F1xx_HAL_Driver\stm32f1xx_hal_adc_ex.o
                                                  Drivers\STM32F1xx_HAL_Driver\stm32f1xx_hal_tim.o
                                                  Drivers\STM32F1xx_HAL_Driver\stm32f1xx_hal_uart.o
HAL_DMA_DeInit                                    Drivers\STM32F1xx_HAL_Driver\stm32f1xx_hal_dma.o
HAL_DMA_GetError                                  Drivers\STM32F1xx_HAL_Driver\stm32f1xx_hal_dma.o
HAL_DMA_GetState                                  Drivers\STM32F1xx_HAL_Driver\stm32f1xx_hal_dma.o
HAL_DMA_IRQHandler                                Drivers\STM32F1xx_HAL_Driver\stm32f1xx_hal_dma.o
HAL_DMA_Init                                      Drivers\STM32F1xx_HAL_Driver\stm32f1xx_hal_dma.o
HAL_DMA_PollForTransfer                           Drivers\STM32F1xx_HAL_Driver\stm32f1xx_hal_dma.o
HAL_DMA_Start                                     Drivers\STM32F1xx_HAL_Driver\stm32f1xx_hal_dma.o
HAL_DMA_Start_IT                                  Drivers\STM32F1xx_HAL_Driver\stm32f1xx_hal_dma.o
                                                  Drivers\STM32F1xx_HAL_Driver\stm32f1xx_hal_adc.o
                                                  Drivers\STM32F1xx_HAL_Driver\stm32f1xx_hal_adc_ex.o
                                                  Drivers\STM32F1xx_HAL_Driver\stm32f1xx_hal_tim.o
                                                  Drivers\STM32F1xx_HAL_Driver\stm32f1xx_hal_tim_ex.o
                                                  Drivers\STM32F1xx_HAL_Driver\stm32f1xx_hal_uart.o
HAL_DeInit                                        Drivers\STM32F1xx_HAL_Driver\stm32f1xx_hal.o
HAL_Delay                                         Drivers\STM32F1xx_HAL_Driver\stm32f1xx_hal.o
                                                  Drivers\STM32F1xx_HAL_Driver\stm32f1xx_hal_rcc.o
HAL_FLASHEx_Erase                                 Drivers\STM32F1xx_HAL_Driver\stm32f1xx_hal_flash_ex.o
HAL_FLASHEx_Erase_IT                              Drivers\STM32F1xx_HAL_Driver\stm32f1xx_hal_flash_ex.o
HAL_FLASHEx_OBErase                               Drivers\STM32F1xx_HAL_Driver\stm32f1xx_hal_flash_ex.o
HAL_FLASHEx_OBGetConfig                           Drivers\STM32F1xx_HAL_Driver\stm32f1xx_hal_flash_ex.o
HAL_FLASHEx_OBProgram                             Drivers\STM32F1xx_HAL_Driver\stm32f1xx_hal_flash_ex.o
HAL_FLASH_EndOfOperationCallback                  Drivers\STM32F1xx_HAL_Driver\stm32f1xx_hal_flash.o
HAL_FLASH_GetError                                Drivers\STM32F1xx_HAL_Driver\stm32f1xx_hal_flash.o
HAL_FLASH_IRQHandler                              Drivers\STM32F1xx_HAL_Driver\stm32f1xx_hal_flash.o
HAL_FLASH_Lock                                    Drivers\STM32F1xx_HAL_Driver\stm32f1xx_hal_flash.o
HAL_FLASH_OB_Launch                               Drivers\STM32F1xx_HAL_Driver\stm32f1xx_hal_flash.o
HAL_FLASH_OB_Lock                                 Drivers\STM32F1xx_HAL_Driver\stm32f1xx_hal_flash.o
HAL_FLASH_OB_Unlock                               Drivers\STM32F1xx_HAL_Driver\stm32f1xx_hal_flash.o
HAL_FLASH_OperationErrorCallback                  Drivers\STM32F1xx_HAL_Driver\stm32f1xx_hal_flash.o
HAL_FLASH_Program                                 Drivers\STM32F1xx_HAL_Driver\stm32f1xx_hal_flash.o
HAL_FLASH_Program_IT                              Drivers\STM32F1xx_HAL_Driver\stm32f1xx_hal_flash.o
HAL_FLASH_Unlock                                  Drivers\STM32F1xx_HAL_Driver\stm32f1xx_hal_flash.o
HAL_GPIOEx_ConfigEventout                         Drivers\STM32F1xx_HAL_Driver\stm32f1xx_hal_gpio_ex.o
HAL_GPIOEx_DisableEventout                        Drivers\STM32F1xx_HAL_Driver\stm32f1xx_hal_gpio_ex.o
HAL_GPIOEx_EnableEventout                         Drivers\STM32F1xx_HAL_Driver\stm32f1xx_hal_gpio_ex.o
HAL_GPIO_DeInit                                   Drivers\STM32F1xx_HAL_Driver\stm32f1xx_hal_gpio.o
                                                  Application\User\stm32f1xx_hal_msp.o
HAL_GPIO_EXTI_Callback                            Drivers\STM32F1xx_HAL_Driver\stm32f1xx_hal_gpio.o
HAL_GPIO_EXTI_IRQHandler                          Drivers\STM32F1xx_HAL_Driver\stm32f1xx_hal_gpio.o
HAL_GPIO_Init                                     Drivers\STM32F1xx_HAL_Driver\stm32f1xx_hal_gpio.o
                                                  Application\User\main.o
                                                  Application\User\stm32f1xx_hal_msp.o
                                                  Drivers\STM32F1xx_HAL_Driver\stm32f1xx_hal_rcc.o
HAL_GPIO_LockPin                                  Drivers\STM32F1xx_HAL_Driver\stm32f1xx_hal_gpio.o
HAL_GPIO_ReadPin                                  Drivers\STM32F1xx_HAL_Driver\stm32f1xx_hal_gpio.o
                                                  Application\User\main.o
HAL_GPIO_TogglePin                                Drivers\STM32F1xx_HAL_Driver\stm32f1xx_hal_gpio.o
                                                  Application\User\stm32f1xx_it.o
HAL_GPIO_WritePin                                 Drivers\STM32F1xx_HAL_Driver\stm32f1xx_hal_gpio.o
                                                  Application\User\main.o
HAL_GetDEVID                                      Drivers\STM32F1xx_HAL_Driver\stm32f1xx_hal.o
HAL_GetHalVersion                                 Drivers\STM32F1xx_HAL_Driver\stm32f1xx_hal.o
HAL_GetREVID                                      Drivers\STM32F1xx_HAL_Driver\stm32f1xx_hal.o
HAL_GetTick                                       Drivers\STM32F1xx_HAL_Driver\stm32f1xx_hal.o
                                                  Drivers\STM32F1xx_HAL_Driver\stm32f1xx_hal_adc.o
                                                  Drivers\STM32F1xx_HAL_Driver\stm32f1xx_hal_adc_ex.o
                                                  Drivers\STM32F1xx_HAL_Driver\stm32f1xx_hal_dma.o
                                                  Drivers\STM32F1xx_HAL_Driver\stm32f1xx_hal_flash.o
                                                  Drivers\STM32F1xx_HAL_Driver\stm32f1xx_hal_rcc.o
                                                  Drivers\STM32F1xx_HAL_Driver\stm32f1xx_hal_rcc_ex.o
                                                  Drivers\STM32F1xx_HAL_Driver\stm32f1xx_hal_uart.o
HAL_HalfDuplex_EnableReceiver                     Drivers\STM32F1xx_HAL_Driver\stm32f1xx_hal_uart.o
HAL_HalfDuplex_EnableTransmitter                  Drivers\STM32F1xx_HAL_Driver\stm32f1xx_hal_uart.o
HAL_HalfDuplex_Init                               Drivers\STM32F1xx_HAL_Driver\stm32f1xx_hal_uart.o
HAL_IncTick                                       Drivers\STM32F1xx_HAL_Driver\stm32f1xx_hal.o
                                                  Application\User\stm32f1xx_it.o
HAL_Init                                          Drivers\STM32F1xx_HAL_Driver\stm32f1xx_hal.o
                                                  Application\User\main.o
HAL_InitTick                                      Drivers\STM32F1xx_HAL_Driver\stm32f1xx_hal.o
                                                  Drivers\STM32F1xx_HAL_Driver\stm32f1xx_hal_rcc.o
                                                  Drivers\STM32F1xx_HAL_Driver\stm32f1xx_hal_rcc_ex.o
HAL_LIN_Init                                      Drivers\STM32F1xx_HAL_Driver\stm32f1xx_hal_uart.o
HAL_LIN_SendBreak                                 Drivers\STM32F1xx_HAL_Driver\stm32f1xx_hal_uart.o
HAL_MspDeInit                                     Drivers\STM32F1xx_HAL_Driver\stm32f1xx_hal.o
HAL_MspInit                                       Application\User\stm32f1xx_hal_msp.o
                                                  Drivers\STM32F1xx_HAL_Driver\stm32f1xx_hal.o
HAL_MultiProcessor_EnterMuteMode                  Drivers\STM32F1xx_HAL_Driver\stm32f1xx_hal_uart.o
HAL_MultiProcessor_ExitMuteMode                   Drivers\STM32F1xx_HAL_Driver\stm32f1xx_hal_uart.o
HAL_MultiProcessor_Init                           Drivers\STM32F1xx_HAL_Driver\stm32f1xx_hal_uart.o
HAL_NVIC_ClearPendingIRQ                          Drivers\STM32F1xx_HAL_Driver\stm32f1xx_hal_cortex.o
HAL_NVIC_DisableIRQ                               Drivers\STM32F1xx_HAL_Driver\stm32f1xx_hal_cortex.o
                                                  Application\User\stm32f1xx_hal_msp.o
HAL_NVIC_EnableIRQ                                Drivers\STM32F1xx_HAL_Driver\stm32f1xx_hal_cortex.o
                                                  Application\User\stm32f1xx_hal_msp.o
HAL_NVIC_GetActive                                Drivers\STM32F1xx_HAL_Driver\stm32f1xx_hal_cortex.o
HAL_NVIC_GetPendingIRQ                            Drivers\STM32F1xx_HAL_Driver\stm32f1xx_hal_cortex.o
HAL_NVIC_GetPriority                              Drivers\STM32F1xx_HAL_Driver\stm32f1xx_hal_cortex.o
HAL_NVIC_GetPriorityGrouping                      Drivers\STM32F1xx_HAL_Driver\stm32f1xx_hal_cortex.o
HAL_NVIC_SetPendingIRQ                            Drivers\STM32F1xx_HAL_Driver\stm32f1xx_hal_cortex.o
HAL_NVIC_SetPriority                              Drivers\STM32F1xx_HAL_Driver\stm32f1xx_hal_cortex.o
                                                  Application\User\stm32f1xx_hal_msp.o
                                                  Drivers\STM32F1xx_HAL_Driver\stm32f1xx_hal.o
HAL_NVIC_SetPriorityGrouping                      Drivers\STM32F1xx_HAL_Driver\stm32f1xx_hal_cortex.o
                                                  Application\User\stm32f1xx_hal_msp.o
                                                  Drivers\STM32F1xx_HAL_Driver\stm32f1xx_hal.o
HAL_NVIC_SystemReset                              Drivers\STM32F1xx_HAL_Driver\stm32f1xx_hal_cortex.o
                                                  Drivers\STM32F1xx_HAL_Driver\stm32f1xx_hal_flash.o
HAL_PWR_ConfigPVD                                 Drivers\STM32F1xx_HAL_Driver\stm32f1xx_hal_pwr.o
HAL_PWR_DeInit                                    Drivers\STM32F1xx_HAL_Driver\stm32f1xx_hal_pwr.o
HAL_PWR_DisableBkUpAccess                         Drivers\STM32F1xx_HAL_Driver\stm32f1xx_hal_pwr.o
HAL_PWR_DisablePVD                                Drivers\STM32F1xx_HAL_Driver\stm32f1xx_hal_pwr.o
HAL_PWR_DisableSEVOnPend                          Drivers\STM32F1xx_HAL_Driver\stm32f1xx_hal_pwr.o
HAL_PWR_DisableSleepOnExit                        Drivers\STM32F1xx_HAL_Driver\stm32f1xx_hal_pwr.o
HAL_PWR_DisableWakeUpPin                          Drivers\STM32F1xx_HAL_Driver\stm32f1xx_hal_pwr.o
HAL_PWR_EnableBkUpAccess                          Drivers\STM32F1xx_HAL_Driver\stm32f1xx_hal_pwr.o
HAL_PWR_EnablePVD                                 Drivers\STM32F1xx_HAL_Driver\stm32f1xx_hal_pwr.o
HAL_PWR_EnableSEVOnPend                           Drivers\STM32F1xx_HAL_Driver\stm32f1xx_hal_pwr.o
HAL_PWR_EnableSleepOnExit                         Drivers\STM32F1xx_HAL_Driver\stm32f1xx_hal_pwr.o
HAL_PWR_EnableWakeUpPin                           Drivers\STM32F1xx_HAL_Driver\stm32f1xx_hal_pwr.o
HAL_PWR_EnterSLEEPMode                            Drivers\STM32F1xx_HAL_Driver\stm32f1xx_hal_pwr.o
HAL_PWR_EnterSTANDBYMode                          Drivers\STM32F1xx_HAL_Driver\stm32f1xx_hal_pwr.o
HAL_PWR_EnterSTOPMode                             Drivers\STM32F1xx_HAL_Driver\stm32f1xx_hal_pwr.o
HAL_PWR_PVDCallback                               Drivers\STM32F1xx_HAL_Driver\stm32f1xx_hal_pwr.o
HAL_PWR_PVD_IRQHandler                            Drivers\STM32F1xx_HAL_Driver\stm32f1xx_hal_pwr.o
HAL_RCCEx_GetPeriphCLKConfig                      Drivers\STM32F1xx_HAL_Driver\stm32f1xx_hal_rcc_ex.o
HAL_RCCEx_GetPeriphCLKFreq                        Drivers\STM32F1xx_HAL_Driver\stm32f1xx_hal_rcc_ex.o
                                                  Drivers\STM32F1xx_HAL_Driver\stm32f1xx_hal_adc.o
                                                  Drivers\STM32F1xx_HAL_Driver\stm32f1xx_hal_adc_ex.o
HAL_RCCEx_PeriphCLKConfig                         Drivers\STM32F1xx_HAL_Driver\stm32f1xx_hal_rcc_ex.o
                                                  Application\User\main.o
HAL_RCC_CSSCallback                               Drivers\STM32F1xx_HAL_Driver\stm32f1xx_hal_rcc.o
HAL_RCC_ClockConfig                               Drivers\STM32F1xx_HAL_Driver\stm32f1xx_hal_rcc_ex.o
                                                  Application\User\main.o
HAL_RCC_DeInit                                    Drivers\STM32F1xx_HAL_Driver\stm32f1xx_hal_rcc.o
HAL_RCC_DisableCSS                                Drivers\STM32F1xx_HAL_Driver\stm32f1xx_hal_rcc.o
HAL_RCC_EnableCSS                                 Drivers\STM32F1xx_HAL_Driver\stm32f1xx_hal_rcc.o
HAL_RCC_GetClockConfig                            Drivers\STM32F1xx_HAL_Driver\stm32f1xx_hal_rcc_ex.o
HAL_RCC_GetHCLKFreq                               Drivers\STM32F1xx_HAL_Driver\stm32f1xx_hal_rcc.o
                                                  Application\User\main.o
                                                  Drivers\STM32F1xx_HAL_Driver\stm32f1xx_hal.o
HAL_RCC_GetOscConfig                              Drivers\STM32F1xx_HAL_Driver\stm32f1xx_hal_rcc.o
HAL_RCC_GetPCLK1Freq                              Drivers\STM32F1xx_HAL_Driver\stm32f1xx_hal_rcc.o
                                                  Drivers\STM32F1xx_HAL_Driver\stm32f1xx_hal_uart.o
HAL_RCC_GetPCLK2Freq                              Drivers\STM32F1xx_HAL_Driver\stm32f1xx_hal_rcc.o
                                                  Drivers\STM32F1xx_HAL_Driver\stm32f1xx_hal_rcc_ex.o
                                                  Drivers\STM32F1xx_HAL_Driver\stm32f1xx_hal_uart.o
HAL_RCC_GetSysClockFreq                           Drivers\STM32F1xx_HAL_Driver\stm32f1xx_hal_rcc.o
HAL_RCC_MCOConfig                                 Drivers\STM32F1xx_HAL_Driver\stm32f1xx_hal_rcc.o
HAL_RCC_NMI_IRQHandler                            Drivers\STM32F1xx_HAL_Driver\stm32f1xx_hal_rcc.o
HAL_RCC_OscConfig                                 Drivers\STM32F1xx_HAL_Driver\stm32f1xx_hal_rcc.o
                                                  Application\User\main.o
HAL_ResumeTick                                    Drivers\STM32F1xx_HAL_Driver\stm32f1xx_hal.o
HAL_SYSTICK_CLKSourceConfig                       Drivers\STM32F1xx_HAL_Driver\stm32f1xx_hal_cortex.o
                                                  Application\User\main.o
HAL_SYSTICK_Callback                              Drivers\STM32F1xx_HAL_Driver\stm32f1xx_hal_cortex.o
HAL_SYSTICK_Config                                Drivers\STM32F1xx_HAL_Driver\stm32f1xx_hal_cortex.o
                                                  Application\User\main.o
                                                  Drivers\STM32F1xx_HAL_Driver\stm32f1xx_hal.o
HAL_SYSTICK_IRQHandler                            Drivers\STM32F1xx_HAL_Driver\stm32f1xx_hal_cortex.o
                                                  Application\User\stm32f1xx_it.o
HAL_SuspendTick                                   Drivers\STM32F1xx_HAL_Driver\stm32f1xx_hal.o
HAL_TIMEx_BreakCallback                           Drivers\STM32F1xx_HAL_Driver\stm32f1xx_hal_tim_ex.o
                                                  Drivers\STM32F1xx_HAL_Driver\stm32f1xx_hal_tim.o
HAL_TIMEx_CommutationCallback                     Drivers\STM32F1xx_HAL_Driver\stm32f1xx_hal_tim_ex.o
                                                  Drivers\STM32F1xx_HAL_Driver\stm32f1xx_hal_tim.o
HAL_TIMEx_ConfigBreakDeadTime                     Drivers\STM32F1xx_HAL_Driver\stm32f1xx_hal_tim_ex.o
HAL_TIMEx_ConfigCommutationEvent                  Drivers\STM32F1xx_HAL_Driver\stm32f1xx_hal_tim_ex.o
HAL_TIMEx_ConfigCommutationEvent_DMA              Drivers\STM32F1xx_HAL_Driver\stm32f1xx_hal_tim_ex.o
HAL_TIMEx_ConfigCommutationEvent_IT               Drivers\STM32F1xx_HAL_Driver\stm32f1xx_hal_tim_ex.o
HAL_TIMEx_HallSensor_DeInit                       Drivers\STM32F1xx_HAL_Driver\stm32f1xx_hal_tim_ex.o
HAL_TIMEx_HallSensor_GetState                     Drivers\STM32F1xx_HAL_Driver\stm32f1xx_hal_tim_ex.o
HAL_TIMEx_HallSensor_Init                         Drivers\STM32F1xx_HAL_Driver\stm32f1xx_hal_tim_ex.o
HAL_TIMEx_HallSensor_MspDeInit                    Drivers\STM32F1xx_HAL_Driver\stm32f1xx_hal_tim_ex.o
HAL_TIMEx_HallSensor_MspInit                      Drivers\STM32F1xx_HAL_Driver\stm32f1xx_hal_tim_ex.o
HAL_TIMEx_HallSensor_Start                        Drivers\STM32F1xx_HAL_Driver\stm32f1xx_hal_tim_ex.o
HAL_TIMEx_HallSensor_Start_DMA                    Drivers\STM32F1xx_HAL_Driver\stm32f1xx_hal_tim_ex.o
HAL_TIMEx_HallSensor_Start_IT                     Drivers\STM32F1xx_HAL_Driver\stm32f1xx_hal_tim_ex.o
HAL_TIMEx_HallSensor_Stop                         Drivers\STM32F1xx_HAL_Driver\stm32f1xx_hal_tim_ex.o
HAL_TIMEx_HallSensor_Stop_DMA                     Drivers\STM32F1xx_HAL_Driver\stm32f1xx_hal_tim_ex.o
HAL_TIMEx_HallSensor_Stop_IT                      Drivers\STM32F1xx_HAL_Driver\stm32f1xx_hal_tim_ex.o
HAL_TIMEx_MasterConfigSynchronization             Drivers\STM32F1xx_HAL_Driver\stm32f1xx_hal_tim_ex.o
                                                  Application\User\main.o
HAL_TIMEx_OCN_Start                               Drivers\STM32F1xx_HAL_Driver\stm32f1xx_hal_tim_ex.o
HAL_TIMEx_OCN_Start_DMA                           Drivers\STM32F1xx_HAL_Driver\stm32f1xx_hal_tim_ex.o
HAL_TIMEx_OCN_Start_IT                            Drivers\STM32F1xx_HAL_Driver\stm32f1xx_hal_tim_ex.o
HAL_TIMEx_OCN_Stop                                Drivers\STM32F1xx_HAL_Driver\stm32f1xx_hal_tim_ex.o
HAL_TIMEx_OCN_Stop_DMA                            Drivers\STM32F1xx_HAL_Driver\stm32f1xx_hal_tim_ex.o
HAL_TIMEx_OCN_Stop_IT                             Drivers\STM32F1xx_HAL_Driver\stm32f1xx_hal_tim_ex.o
HAL_TIMEx_OnePulseN_Start                         Drivers\STM32F1xx_HAL_Driver\stm32f1xx_hal_tim_ex.o
HAL_TIMEx_OnePulseN_Start_IT                      Drivers\STM32F1xx_HAL_Driver\stm32f1xx_hal_tim_ex.o
HAL_TIMEx_OnePulseN_Stop                          Drivers\STM32F1xx_HAL_Driver\stm32f1xx_hal_tim_ex.o
HAL_TIMEx_OnePulseN_Stop_IT                       Drivers\STM32F1xx_HAL_Driver\stm32f1xx_hal_tim_ex.o
HAL_TIMEx_PWMN_Start                              Drivers\STM32F1xx_HAL_Driver\stm32f1xx_hal_tim_ex.o
HAL_TIMEx_PWMN_Start_DMA                          Drivers\STM32F1xx_HAL_Driver\stm32f1xx_hal_tim_ex.o
HAL_TIMEx_PWMN_Start_IT                           Drivers\STM32F1xx_HAL_Driver\stm32f1xx_hal_tim_ex.o
HAL_TIMEx_PWMN_Stop                               Drivers\STM32F1xx_HAL_Driver\stm32f1xx_hal_tim_ex.o
HAL_TIMEx_PWMN_Stop_DMA                           Drivers\STM32F1xx_HAL_Driver\stm32f1xx_hal_tim_ex.o
HAL_TIMEx_PWMN_Stop_IT                            Drivers\STM32F1xx_HAL_Driver\stm32f1xx_hal_tim_ex.o
HAL_TIM_Base_DeInit                               Drivers\STM32F1xx_HAL_Driver\stm32f1xx_hal_tim.o
HAL_TIM_Base_GetState                             Drivers\STM32F1xx_HAL_Driver\stm32f1xx_hal_tim.o
HAL_TIM_Base_Init                                 Drivers\STM32F1xx_HAL_Driver\stm32f1xx_hal_tim.o
                                                  Application\User\main.o
HAL_TIM_Base_MspDeInit                            Application\User\stm32f1xx_hal_msp.o
                                                  Drivers\STM32F1xx_HAL_Driver\stm32f1xx_hal_tim.o
HAL_TIM_Base_MspInit                              Application\User\stm32f1xx_hal_msp.o
                                                  Drivers\STM32F1xx_HAL_Driver\stm32f1xx_hal_tim.o
HAL_TIM_Base_Start                                Drivers\STM32F1xx_HAL_Driver\stm32f1xx_hal_tim.o
HAL_TIM_Base_Start_DMA                            Drivers\STM32F1xx_HAL_Driver\stm32f1xx_hal_tim.o
HAL_TIM_Base_Start_IT                             Drivers\STM32F1xx_HAL_Driver\stm32f1xx_hal_tim.o
                                                  Application\User\main.o
HAL_TIM_Base_Stop                                 Drivers\STM32F1xx_HAL_Driver\stm32f1xx_hal_tim.o
HAL_TIM_Base_Stop_DMA                             Drivers\STM32F1xx_HAL_Driver\stm32f1xx_hal_tim.o
HAL_TIM_Base_Stop_IT                              Drivers\STM32F1xx_HAL_Driver\stm32f1xx_hal_tim.o
                                                  Application\User\main.o
                                                  Application\User\stm32f1xx_it.o
HAL_TIM_ConfigClockSource                         Drivers\STM32F1xx_HAL_Driver\stm32f1xx_hal_tim.o
                                                  Application\User\main.o
HAL_TIM_ConfigOCrefClear                          Drivers\STM32F1xx_HAL_Driver\stm32f1xx_hal_tim.o
HAL_TIM_ConfigTI1Input                            Drivers\STM32F1xx_HAL_Driver\stm32f1xx_hal_tim.o
HAL_TIM_DMABurst_ReadStart                        Drivers\STM32F1xx_HAL_Driver\stm32f1xx_hal_tim.o
HAL_TIM_DMABurst_ReadStop                         Drivers\STM32F1xx_HAL_Driver\stm32f1xx_hal_tim.o
HAL_TIM_DMABurst_WriteStart                       Drivers\STM32F1xx_HAL_Driver\stm32f1xx_hal_tim.o
HAL_TIM_DMABurst_WriteStop                        Drivers\STM32F1xx_HAL_Driver\stm32f1xx_hal_tim.o
HAL_TIM_Encoder_DeInit                            Drivers\STM32F1xx_HAL_Driver\stm32f1xx_hal_tim.o
HAL_TIM_Encoder_GetState                          Drivers\STM32F1xx_HAL_Driver\stm32f1xx_hal_tim.o
HAL_TIM_Encoder_Init                              Drivers\STM32F1xx_HAL_Driver\stm32f1xx_hal_tim.o
HAL_TIM_Encoder_MspDeInit                         Drivers\STM32F1xx_HAL_Driver\stm32f1xx_hal_tim.o
HAL_TIM_Encoder_MspInit                           Drivers\STM32F1xx_HAL_Driver\stm32f1xx_hal_tim.o
HAL_TIM_Encoder_Start                             Drivers\STM32F1xx_HAL_Driver\stm32f1xx_hal_tim.o
HAL_TIM_Encoder_Start_DMA                         Drivers\STM32F1xx_HAL_Driver\stm32f1xx_hal_tim.o
HAL_TIM_Encoder_Start_IT                          Drivers\STM32F1xx_HAL_Driver\stm32f1xx_hal_tim.o
HAL_TIM_Encoder_Stop                              Drivers\STM32F1xx_HAL_Driver\stm32f1xx_hal_tim.o
HAL_TIM_Encoder_Stop_DMA                          Drivers\STM32F1xx_HAL_Driver\stm32f1xx_hal_tim.o
HAL_TIM_Encoder_Stop_IT                           Drivers\STM32F1xx_HAL_Driver\stm32f1xx_hal_tim.o
HAL_TIM_ErrorCallback                             Drivers\STM32F1xx_HAL_Driver\stm32f1xx_hal_tim.o
HAL_TIM_GenerateEvent                             Drivers\STM32F1xx_HAL_Driver\stm32f1xx_hal_tim.o
HAL_TIM_IC_CaptureCallback                        Drivers\STM32F1xx_HAL_Driver\stm32f1xx_hal_tim.o
HAL_TIM_IC_ConfigChannel                          Drivers\STM32F1xx_HAL_Driver\stm32f1xx_hal_tim.o
HAL_TIM_IC_DeInit                                 Drivers\STM32F1xx_HAL_Driver\stm32f1xx_hal_tim.o
HAL_TIM_IC_GetState                               Drivers\STM32F1xx_HAL_Driver\stm32f1xx_hal_tim.o
HAL_TIM_IC_Init                                   Drivers\STM32F1xx_HAL_Driver\stm32f1xx_hal_tim.o
HAL_TIM_IC_MspDeInit                              Drivers\STM32F1xx_HAL_Driver\stm32f1xx_hal_tim.o
HAL_TIM_IC_MspInit                                Drivers\STM32F1xx_HAL_Driver\stm32f1xx_hal_tim.o
HAL_TIM_IC_Start                                  Drivers\STM32F1xx_HAL_Driver\stm32f1xx_hal_tim.o
HAL_TIM_IC_Start_DMA                              Drivers\STM32F1xx_HAL_Driver\stm32f1xx_hal_tim.o
HAL_TIM_IC_Start_IT                               Drivers\STM32F1xx_HAL_Driver\stm32f1xx_hal_tim.o
HAL_TIM_IC_Stop                                   Drivers\STM32F1xx_HAL_Driver\stm32f1xx_hal_tim.o
HAL_TIM_IC_Stop_DMA                               Drivers\STM32F1xx_HAL_Driver\stm32f1xx_hal_tim.o
HAL_TIM_IC_Stop_IT                                Drivers\STM32F1xx_HAL_Driver\stm32f1xx_hal_tim.o
HAL_TIM_IRQHandler                                Drivers\STM32F1xx_HAL_Driver\stm32f1xx_hal_tim.o
                                                  Application\User\stm32f1xx_it.o
HAL_TIM_OC_ConfigChannel                          Drivers\STM32F1xx_HAL_Driver\stm32f1xx_hal_tim.o
HAL_TIM_OC_DeInit                                 Drivers\STM32F1xx_HAL_Driver\stm32f1xx_hal_tim.o
HAL_TIM_OC_DelayElapsedCallback                   Drivers\STM32F1xx_HAL_Driver\stm32f1xx_hal_tim.o
HAL_TIM_OC_GetState                               Drivers\STM32F1xx_HAL_Driver\stm32f1xx_hal_tim.o
HAL_TIM_OC_Init                                   Drivers\STM32F1xx_HAL_Driver\stm32f1xx_hal_tim.o
HAL_TIM_OC_MspDeInit                              Drivers\STM32F1xx_HAL_Driver\stm32f1xx_hal_tim.o
HAL_TIM_OC_MspInit                                Drivers\STM32F1xx_HAL_Driver\stm32f1xx_hal_tim.o
HAL_TIM_OC_Start                                  Drivers\STM32F1xx_HAL_Driver\stm32f1xx_hal_tim.o
HAL_TIM_OC_Start_DMA                              Drivers\STM32F1xx_HAL_Driver\stm32f1xx_hal_tim.o
HAL_TIM_OC_Start_IT                               Drivers\STM32F1xx_HAL_Driver\stm32f1xx_hal_tim.o
HAL_TIM_OC_Stop                                   Drivers\STM32F1xx_HAL_Driver\stm32f1xx_hal_tim.o
HAL_TIM_OC_Stop_DMA                               Drivers\STM32F1xx_HAL_Driver\stm32f1xx_hal_tim.o
HAL_TIM_OC_Stop_IT                                Drivers\STM32F1xx_HAL_Driver\stm32f1xx_hal_tim.o
HAL_TIM_OnePulse_ConfigChannel                    Drivers\STM32F1xx_HAL_Driver\stm32f1xx_hal_tim.o
HAL_TIM_OnePulse_DeInit                           Drivers\STM32F1xx_HAL_Driver\stm32f1xx_hal_tim.o
HAL_TIM_OnePulse_GetState                         Drivers\STM32F1xx_HAL_Driver\stm32f1xx_hal_tim.o
HAL_TIM_OnePulse_Init                             Drivers\STM32F1xx_HAL_Driver\stm32f1xx_hal_tim.o
HAL_TIM_OnePulse_MspDeInit                        Drivers\STM32F1xx_HAL_Driver\stm32f1xx_hal_tim.o
HAL_TIM_OnePulse_MspInit                          Drivers\STM32F1xx_HAL_Driver\stm32f1xx_hal_tim.o
HAL_TIM_OnePulse_Start                            Drivers\STM32F1xx_HAL_Driver\stm32f1xx_hal_tim.o
HAL_TIM_OnePulse_Start_IT                         Drivers\STM32F1xx_HAL_Driver\stm32f1xx_hal_tim.o
HAL_TIM_OnePulse_Stop                             Drivers\STM32F1xx_HAL_Driver\stm32f1xx_hal_tim.o
HAL_TIM_OnePulse_Stop_IT                          Drivers\STM32F1xx_HAL_Driver\stm32f1xx_hal_tim.o
HAL_TIM_PWM_ConfigChannel                         Drivers\STM32F1xx_HAL_Driver\stm32f1xx_hal_tim.o
HAL_TIM_PWM_DeInit                                Drivers\STM32F1xx_HAL_Driver\stm32f1xx_hal_tim.o
HAL_TIM_PWM_GetState                              Drivers\STM32F1xx_HAL_Driver\stm32f1xx_hal_tim.o
HAL_TIM_PWM_Init                                  Drivers\STM32F1xx_HAL_Driver\stm32f1xx_hal_tim.o
HAL_TIM_PWM_MspDeInit                             Drivers\STM32F1xx_HAL_Driver\stm32f1xx_hal_tim.o
HAL_TIM_PWM_MspInit                               Drivers\STM32F1xx_HAL_Driver\stm32f1xx_hal_tim.o
HAL_TIM_PWM_PulseFinishedCallback                 Drivers\STM32F1xx_HAL_Driver\stm32f1xx_hal_tim.o
HAL_TIM_PWM_Start                                 Drivers\STM32F1xx_HAL_Driver\stm32f1xx_hal_tim.o
HAL_TIM_PWM_Start_DMA                             Drivers\STM32F1xx_HAL_Driver\stm32f1xx_hal_tim.o
HAL_TIM_PWM_Start_IT                              Drivers\STM32F1xx_HAL_Driver\stm32f1xx_hal_tim.o
HAL_TIM_PWM_Stop                                  Drivers\STM32F1xx_HAL_Driver\stm32f1xx_hal_tim.o
HAL_TIM_PWM_Stop_DMA                              Drivers\STM32F1xx_HAL_Driver\stm32f1xx_hal_tim.o
HAL_TIM_PWM_Stop_IT                               Drivers\STM32F1xx_HAL_Driver\stm32f1xx_hal_tim.o
HAL_TIM_PeriodElapsedCallback                     Drivers\STM32F1xx_HAL_Driver\stm32f1xx_hal_tim.o
HAL_TIM_ReadCapturedValue                         Drivers\STM32F1xx_HAL_Driver\stm32f1xx_hal_tim.o
HAL_TIM_SlaveConfigSynchronization                Drivers\STM32F1xx_HAL_Driver\stm32f1xx_hal_tim.o
HAL_TIM_SlaveConfigSynchronization_IT             Drivers\STM32F1xx_HAL_Driver\stm32f1xx_hal_tim.o
HAL_TIM_TriggerCallback                           Drivers\STM32F1xx_HAL_Driver\stm32f1xx_hal_tim.o
HAL_UART_DMAPause                                 Drivers\STM32F1xx_HAL_Driver\stm32f1xx_hal_uart.o
HAL_UART_DMAResume                                Drivers\STM32F1xx_HAL_Driver\stm32f1xx_hal_uart.o
HAL_UART_DMAStop                                  Drivers\STM32F1xx_HAL_Driver\stm32f1xx_hal_uart.o
HAL_UART_DeInit                                   Drivers\STM32F1xx_HAL_Driver\stm32f1xx_hal_uart.o
HAL_UART_ErrorCallback                            Drivers\STM32F1xx_HAL_Driver\stm32f1xx_hal_uart.o
HAL_UART_GetError                                 Drivers\STM32F1xx_HAL_Driver\stm32f1xx_hal_uart.o
HAL_UART_GetState                                 Drivers\STM32F1xx_HAL_Driver\stm32f1xx_hal_uart.o
HAL_UART_IRQHandler                               Drivers\STM32F1xx_HAL_Driver\stm32f1xx_hal_uart.o
                                                  Application\User\stm32f1xx_it.o
HAL_UART_Init                                     Drivers\STM32F1xx_HAL_Driver\stm32f1xx_hal_uart.o
                                                  Application\User\main.o
HAL_UART_MspDeInit                                Application\User\stm32f1xx_hal_msp.o
                                                  Drivers\STM32F1xx_HAL_Driver\stm32f1xx_hal_uart.o
HAL_UART_MspInit                                  Application\User\stm32f1xx_hal_msp.o
                                                  Drivers\STM32F1xx_HAL_Driver\stm32f1xx_hal_uart.o
HAL_UART_Receive                                  Drivers\STM32F1xx_HAL_Driver\stm32f1xx_hal_uart.o
HAL_UART_Receive_DMA                              Drivers\STM32F1xx_HAL_Driver\stm32f1xx_hal_uart.o
HAL_UART_Receive_IT                               Drivers\STM32F1xx_HAL_Driver\stm32f1xx_hal_uart.o
                                                  Application\User\main.o
HAL_UART_RxCpltCallback                           Application\User\main.o
                                                  Drivers\STM32F1xx_HAL_Driver\stm32f1xx_hal_uart.o
HAL_UART_RxHalfCpltCallback                       Drivers\STM32F1xx_HAL_Driver\stm32f1xx_hal_uart.o
HAL_UART_Transmit                                 Drivers\STM32F1xx_HAL_Driver\stm32f1xx_hal_uart.o
HAL_UART_Transmit_DMA                             Drivers\STM32F1xx_HAL_Driver\stm32f1xx_hal_uart.o
HAL_UART_Transmit_IT                              Drivers\STM32F1xx_HAL_Driver\stm32f1xx_hal_uart.o
                                                  Application\User\main.o
                                                  Application\User\stm32f1xx_it.o
HAL_UART_TxCpltCallback                           Application\User\main.o
                                                  Drivers\STM32F1xx_HAL_Driver\stm32f1xx_hal_uart.o
HAL_UART_TxHalfCpltCallback                       Drivers\STM32F1xx_HAL_Driver\stm32f1xx_hal_uart.o
HardFault_Handler                                 Application\TrueSTUDIO\startup_stm32f103xb.o
I2C1_ER_IRQHandler                                Application\TrueSTUDIO\startup_stm32f103xb.o
I2C1_EV_IRQHandler                                Application\TrueSTUDIO\startup_stm32f103xb.o
I2C2_ER_IRQHandler                                Application\TrueSTUDIO\startup_stm32f103xb.o
I2C2_EV_IRQHandler                                Application\TrueSTUDIO\startup_stm32f103xb.o
MemManage_Handler                                 Application\TrueSTUDIO\startup_stm32f103xb.o
NMI_Handler                                       Application\TrueSTUDIO\startup_stm32f103xb.o
PVD_IRQHandler                                    Application\TrueSTUDIO\startup_stm32f103xb.o
PendSV_Handler                                    Application\TrueSTUDIO\startup_stm32f103xb.o
RCC_IRQHandler                                    Application\TrueSTUDIO\startup_stm32f103xb.o
RTC_Alarm_IRQHandler                              Application\TrueSTUDIO\startup_stm32f103xb.o
RTC_IRQHandler                                    Application\TrueSTUDIO\startup_stm32f103xb.o
Reset_Handler                                     Application\TrueSTUDIO\startup_stm32f103xb.o
SPI1_IRQHandler                                   Application\TrueSTUDIO\startup_stm32f103xb.o
SPI2_IRQHandler                                   Application\TrueSTUDIO\startup_stm32f103xb.o
SVC_Handler                                       Application\TrueSTUDIO\startup_stm32f103xb.o
SerialNum                                         Application\User\main.o
SysTick_Handler                                   Application\User\stm32f1xx_it.o
SystemClock_Config                                Application\User\main.o
SystemCoreClock                                   Drivers\CMSIS\system_stm32f1xx.o
                                                  Drivers\STM32F1xx_HAL_Driver\stm32f1xx_hal_adc.o
                                                  Drivers\STM32F1xx_HAL_Driver\stm32f1xx_hal_adc_ex.o
                                                  Drivers\STM32F1xx_HAL_Driver\stm32f1xx_hal_rcc.o
SystemCoreClockUpdate                             Drivers\CMSIS\system_stm32f1xx.o
SystemInit                                        Drivers\CMSIS\system_stm32f1xx.o
                                                  Application\TrueSTUDIO\startup_stm32f103xb.o
TAMPER_IRQHandler                                 Application\TrueSTUDIO\startup_stm32f103xb.o
TIM1_BRK_IRQHandler                               Application\TrueSTUDIO\startup_stm32f103xb.o
TIM1_CC_IRQHandler                                Application\TrueSTUDIO\startup_stm32f103xb.o
TIM1_TRG_COM_IRQHandler                           Application\TrueSTUDIO\startup_stm32f103xb.o
TIM1_UP_IRQHandler                                Application\TrueSTUDIO\startup_stm32f103xb.o
TIM2_IRQHandler                                   Application\TrueSTUDIO\startup_stm32f103xb.o
TIM3_IRQHandler                                   Application\User\stm32f1xx_it.o
TIM4_IRQHandler                                   Application\TrueSTUDIO\startup_stm32f103xb.o
TIMEx_DMACommutationCplt                          Drivers\STM32F1xx_HAL_Driver\stm32f1xx_hal_tim_ex.o
                                                  Drivers\STM32F1xx_HAL_Driver\stm32f1xx_hal_tim.o
TIM_Base_SetConfig                                Drivers\STM32F1xx_HAL_Driver\stm32f1xx_hal_tim.o
                                                  Drivers\STM32F1xx_HAL_Driver\stm32f1xx_hal_tim_ex.o
TIM_CCxChannelCmd                                 Drivers\STM32F1xx_HAL_Driver\stm32f1xx_hal_tim.o
                                                  Drivers\STM32F1xx_HAL_Driver\stm32f1xx_hal_tim_ex.o
TIM_DMACaptureCplt                                Drivers\STM32F1xx_HAL_Driver\stm32f1xx_hal_tim.o
                                                  Drivers\STM32F1xx_HAL_Driver\stm32f1xx_hal_tim_ex.o
TIM_DMADelayPulseCplt                             Drivers\STM32F1xx_HAL_Driver\stm32f1xx_hal_tim.o
                                                  Drivers\STM32F1xx_HAL_Driver\stm32f1xx_hal_tim_ex.o
TIM_DMAError                                      Drivers\STM32F1xx_HAL_Driver\stm32f1xx_hal_tim.o
                                                  Drivers\STM32F1xx_HAL_Driver\stm32f1xx_hal_tim_ex.o
TIM_OC2_SetConfig                                 Drivers\STM32F1xx_HAL_Driver\stm32f1xx_hal_tim.o
                                                  Drivers\STM32F1xx_HAL_Driver\stm32f1xx_hal_tim_ex.o
TIM_TI1_SetConfig                                 Drivers\STM32F1xx_HAL_Driver\stm32f1xx_hal_tim.o
                                                  Drivers\STM32F1xx_HAL_Driver\stm32f1xx_hal_tim_ex.o
USART1_IRQHandler                                 Application\TrueSTUDIO\startup_stm32f103xb.o
USART2_IRQHandler                                 Application\User\stm32f1xx_it.o
USART3_IRQHandler                                 Application\TrueSTUDIO\startup_stm32f103xb.o
USBWakeUp_IRQHandler                              Application\TrueSTUDIO\startup_stm32f103xb.o
USB_HP_CAN1_TX_IRQHandler                         Application\TrueSTUDIO\startup_stm32f103xb.o
USB_LP_CAN1_RX0_IRQHandler                        Application\TrueSTUDIO\startup_stm32f103xb.o
UsageFault_Handler                                Application\TrueSTUDIO\startup_stm32f103xb.o
WWDG_IRQHandler                                   Application\TrueSTUDIO\startup_stm32f103xb.o
__adddf3                                          c:/program files (x86)/atollic/truestudio for arm 5.4.0/armtools/bin/../lib/gcc/arm-atollic-eabi/4.8.3/armv7-m\libgcc.a(_arm_addsubdf3.o)
__aeabi_d2iz                                      c:/program files (x86)/atollic/truestudio for arm 5.4.0/armtools/bin/../lib/gcc/arm-atollic-eabi/4.8.3/armv7-m\libgcc.a(_arm_fixdfsi.o)
                                                  Application\User\main.o
__aeabi_dadd                                      c:/program files (x86)/atollic/truestudio for arm 5.4.0/armtools/bin/../lib/gcc/arm-atollic-eabi/4.8.3/armv7-m\libgcc.a(_arm_addsubdf3.o)
__aeabi_ddiv                                      c:/program files (x86)/atollic/truestudio for arm 5.4.0/armtools/bin/../lib/gcc/arm-atollic-eabi/4.8.3/armv7-m\libgcc.a(_arm_muldivdf3.o)
__aeabi_dmul                                      c:/program files (x86)/atollic/truestudio for arm 5.4.0/armtools/bin/../lib/gcc/arm-atollic-eabi/4.8.3/armv7-m\libgcc.a(_arm_muldivdf3.o)
                                                  Application\User\main.o
__aeabi_drsub                                     c:/program files (x86)/atollic/truestudio for arm 5.4.0/armtools/bin/../lib/gcc/arm-atollic-eabi/4.8.3/armv7-m\libgcc.a(_arm_addsubdf3.o)
__aeabi_dsub                                      c:/program files (x86)/atollic/truestudio for arm 5.4.0/armtools/bin/../lib/gcc/arm-atollic-eabi/4.8.3/armv7-m\libgcc.a(_arm_addsubdf3.o)
__aeabi_f2d                                       c:/program files (x86)/atollic/truestudio for arm 5.4.0/armtools/bin/../lib/gcc/arm-atollic-eabi/4.8.3/armv7-m\libgcc.a(_arm_addsubdf3.o)
__aeabi_i2d                                       c:/program files (x86)/atollic/truestudio for arm 5.4.0/armtools/bin/../lib/gcc/arm-atollic-eabi/4.8.3/armv7-m\libgcc.a(_arm_addsubdf3.o)
                                                  Application\User\main.o
__aeabi_l2d                                       c:/program files (x86)/atollic/truestudio for arm 5.4.0/armtools/bin/../lib/gcc/arm-atollic-eabi/4.8.3/armv7-m\libgcc.a(_arm_addsubdf3.o)
__aeabi_ui2d                                      c:/program files (x86)/atollic/truestudio for arm 5.4.0/armtools/bin/../lib/gcc/arm-atollic-eabi/4.8.3/armv7-m\libgcc.a(_arm_addsubdf3.o)
__aeabi_ul2d                                      c:/program files (x86)/atollic/truestudio for arm 5.4.0/armtools/bin/../lib/gcc/arm-atollic-eabi/4.8.3/armv7-m\libgcc.a(_arm_addsubdf3.o)
__deregister_frame_info                           c:/program files (x86)/atollic/truestudio for arm 5.4.0/armtools/bin/../lib/gcc/arm-atollic-eabi/4.8.3/armv7-m/crtbegin.o
__divdf3                                          c:/program files (x86)/atollic/truestudio for arm 5.4.0/armtools/bin/../lib/gcc/arm-atollic-eabi/4.8.3/armv7-m\libgcc.a(_arm_muldivdf3.o)
__dso_handle                                      c:/program files (x86)/atollic/truestudio for arm 5.4.0/armtools/bin/../lib/gcc/arm-atollic-eabi/4.8.3/armv7-m/crtbegin.o
__extendsfdf2                                     c:/program files (x86)/atollic/truestudio for arm 5.4.0/armtools/bin/../lib/gcc/arm-atollic-eabi/4.8.3/armv7-m\libgcc.a(_arm_addsubdf3.o)
__fixdfsi                                         c:/program files (x86)/atollic/truestudio for arm 5.4.0/armtools/bin/../lib/gcc/arm-atollic-eabi/4.8.3/armv7-m\libgcc.a(_arm_fixdfsi.o)
__floatdidf                                       c:/program files (x86)/atollic/truestudio for arm 5.4.0/armtools/bin/../lib/gcc/arm-atollic-eabi/4.8.3/armv7-m\libgcc.a(_arm_addsubdf3.o)
__floatsidf                                       c:/program files (x86)/atollic/truestudio for arm 5.4.0/armtools/bin/../lib/gcc/arm-atollic-eabi/4.8.3/armv7-m\libgcc.a(_arm_addsubdf3.o)
__floatundidf                                     c:/program files (x86)/atollic/truestudio for arm 5.4.0/armtools/bin/../lib/gcc/arm-atollic-eabi/4.8.3/armv7-m\libgcc.a(_arm_addsubdf3.o)